
===== INSTALLED_PACKAGES_DPKG =====
$ sh -c dpkg-query -W -f="\${binary:Package}\t\${Version}\t\${Architecture}\n" 2>/dev/null | sort | head -1600 || true
acpi-support-base	0.143-5.1	all
acpid	1:2.0.33-2+b1	arm64
adduser	3.134	all
adwaita-icon-theme	43-1	all
alsa-topology-conf	1.2.5.1-2	all
alsa-utils	1.2.8-1	arm64
anacron	2.3-36	arm64
apt	2.6.1	arm64
apt-transport-https	2.6.1	all
apt-utils	2.6.1	arm64
at-spi2-common	2.46.0-5	all
base-files	12.4+deb12u12	arm64
base-passwd	3.6.1	arm64
bash	5.2.15-2+b9	arm64
bash-completion	1:2.11-6	all
binfmt-support	2.2.2-2	arm64
binutils	2.40-2	arm64
binutils-aarch64-linux-gnu	2.40-2	arm64
binutils-common:arm64	2.40-2	arm64
blueman	2.3.5-2+b1	arm64
bluez	5.66-1+deb12u2	arm64
bluez-obexd	5.66-1+deb12u2	arm64
bsdextrautils	2.38.1-5+deb12u3	arm64
bsdmainutils	12.1.8	all
bsdutils	1:2.38.1-5+deb12u3	arm64
bubblewrap	0.8.0-2+deb12u1	arm64
build-essential	12.9	arm64
busybox	1:1.35.0-4+b5	arm64
bzip2	1.0.8-5+b1	arm64
ca-certificates	20230311+deb12u1	all
camera-engine-rkaiq	6.6.3	arm64
can-utils	2020.11.0-1	arm64
cheese	43.0-1	arm64
cheese-common	43.0-1	all
cheese-dbgsym	43.0-1	arm64
chromium-x11	120.0.6099.224	arm64
cmake	3.25.1-1	arm64
cmake-data	3.25.1-1	all
console-setup	1.221	all
console-setup-linux	1.221	all
coreutils	9.1-1	arm64
cpio	2.13+dfsg-7.1	arm64
cpp	4:12.2.0-3	arm64
cpp-12	12.2.0-14+deb12u1	arm64
cpufrequtils	008-2	arm64
curl	7.88.1-10+deb12u14	arm64
dash	0.5.12-2	arm64
dbus	1.14.10-1~deb12u1	arm64
dbus-bin	1.14.10-1~deb12u1	arm64
dbus-daemon	1.14.10-1~deb12u1	arm64
dbus-session-bus-common	1.14.10-1~deb12u1	all
dbus-system-bus-common	1.14.10-1~deb12u1	all
dbus-x11	1.14.10-1~deb12u1	arm64
dconf-gsettings-backend:arm64	0.40.0-4	arm64
dconf-service	0.40.0-4	arm64
debconf	1.5.82	all
debian-archive-keyring	2023.3+deb12u2	all
debian-keyring	2022.12.24	all
debianutils	5.7-0.5~deb12u1	arm64
desktop-base	12.0.6+nmu1~deb12u1	all
desktop-file-utils	0.26-1	arm64
diffutils	1:3.8-4	arm64
dirmngr	2.2.40-1.1+deb12u1	arm64
dmsetup	2:1.02.185-2	arm64
dnsmasq-base	2.90-4~deb12u1	arm64
dpkg	1.21.22	arm64
dpkg-dev	1.21.22	all
dvb-tools	1.22.1-5	arm64
dvb-tools-dbgsym	1.22.1-5	arm64
e2fsprogs	1.47.0-2+b2	arm64
evtest	1:1.35-1	arm64
exo-utils	4.18.0-1	arm64
fdisk	2.38.1-5+deb12u3	arm64
file	1:5.44-3	arm64
findutils	4.9.0-4	arm64
firmware-ath9k-htc	1.4.0-108-gd856466+dfsg1-1.3+deb12u1	all
firmware-linux-free	20200122-1	all
fontconfig	2.14.1-4	arm64
fontconfig-config	2.14.1-4	arm64
fonts-aenigma	0.0.20080511+dfsg-4	all
fonts-dejavu-core	2.37-6	all
fonts-quicksand	0.2016-2.1	all
fonts-urw-base35	20200910-7	all
fonts-wqy-zenhei	0.9.45-8	all
fuse3	3.14.0-4	arm64
g++	4:12.2.0-3	arm64
g++-12	12.2.0-14+deb12u1	arm64
gcc	4:12.2.0-3	arm64
gcc-12	12.2.0-14+deb12u1	arm64
gcc-12-base:arm64	12.2.0-14+deb12u1	arm64
gdal-data	3.6.2+dfsg-1	all
gdal-plugins	3.6.2+dfsg-1+b2	arm64
gdb	13.1-3	arm64
gdbserver	13.1-3	arm64
gdisk	1.0.9-2.1	arm64
gir1.2-atk-1.0:arm64	2.46.0-5	arm64
gir1.2-atspi-2.0:arm64	2.46.0-5	arm64
gir1.2-cheese-3.0:arm64	43.0-1	arm64
gir1.2-clutter-1.0:arm64	1.26.4+dfsg-4	arm64
gir1.2-clutter-gst-3.0:arm64	3.0.27-3	arm64
gir1.2-cogl-1.0:arm64	1.22.8-3+b1	arm64
gir1.2-coglpango-1.0:arm64	1.22.8-3+b1	arm64
gir1.2-freedesktop:arm64	1.74.0-3	arm64
gir1.2-gdkpixbuf-2.0:arm64	2.42.10+dfsg-1+deb12u2	arm64
gir1.2-glib-2.0:arm64	1.74.0-3	arm64
gir1.2-gst-plugins-bad-1.0:arm64	1.22.9-2	arm64
gir1.2-gst-plugins-base-1.0:arm64	1.22.9-1	arm64
gir1.2-gstreamer-1.0:arm64	1.22.9-1	arm64
gir1.2-gtk-2.0:arm64	2.24.33-2+deb12u1	arm64
gir1.2-gtk-3.0:arm64	3.24.38-2~deb12u3	arm64
gir1.2-gtkclutter-1.0:arm64	1.8.4-4+b1	arm64
gir1.2-gudev-1.0:arm64	237-2	arm64
gir1.2-harfbuzz-0.0:arm64	6.0.0+dfsg-3	arm64
gir1.2-json-1.0:arm64	1.6.6-1	arm64
gir1.2-nm-1.0:arm64	1.42.4-1+deb12u1	arm64
gir1.2-pango-1.0:arm64	1.50.12+ds-1	arm64
gir1.2-wp-0.4:arm64	0.4.13-1	arm64
git	1:2.39.5-0+deb12u2	arm64
git-man	1:2.39.5-0+deb12u2	all
glib-networking-common	2.74.0-4	all
glib-networking-services	2.74.0-4	arm64
glib-networking:arm64	2.74.0-4	arm64
glmark2-data	2023.01+dfsg-1	all
glmark2-drm	2023.01+dfsg-1	arm64
glmark2-drm-dbgsym	2023.01+dfsg-1	arm64
glmark2-es2-drm	2023.01+dfsg-1	arm64
glmark2-es2-drm-dbgsym	2023.01+dfsg-1	arm64
glmark2-es2-wayland	2023.01+dfsg-1	arm64
glmark2-es2-wayland-dbgsym	2023.01+dfsg-1	arm64
glmark2-es2-x11	2023.01+dfsg-1	arm64
glmark2-es2-x11-dbgsym	2023.01+dfsg-1	arm64
glmark2-wayland	2023.01+dfsg-1	arm64
glmark2-wayland-dbgsym	2023.01+dfsg-1	arm64
glmark2-x11	2023.01+dfsg-1	arm64
glmark2-x11-dbgsym	2023.01+dfsg-1	arm64
gnome-desktop3-data	43.2-2	all
gnome-system-tools	3.0.0-9.1	arm64
gnome-video-effects	0.5.0-1	all
gnupg	2.2.40-1.1+deb12u1	all
gnupg-l10n	2.2.40-1.1+deb12u1	all
gnupg-utils	2.2.40-1.1+deb12u1	arm64
gpg	2.2.40-1.1+deb12u1	arm64
gpg-agent	2.2.40-1.1+deb12u1	arm64
gpg-wks-client	2.2.40-1.1+deb12u1	arm64
gpg-wks-server	2.2.40-1.1+deb12u1	arm64
gpgconf	2.2.40-1.1+deb12u1	arm64
gpgsm	2.2.40-1.1+deb12u1	arm64
gpgv	2.2.40-1.1+deb12u1	arm64
grep	3.8-5	arm64
groff-base	1.22.4-10	arm64
gsettings-desktop-schemas	43.0-1	all
gstreamer1.0-alsa-dbgsym:arm64	1.22.9-1	arm64
gstreamer1.0-alsa:arm64	1.22.9-1	arm64
gstreamer1.0-clutter-3.0:arm64	3.0.27-3	arm64
gstreamer1.0-gl-dbgsym:arm64	1.22.9-1	arm64
gstreamer1.0-gl:arm64	1.22.9-1	arm64
gstreamer1.0-gtk3-dbgsym:arm64	1.22.9-1	arm64
gstreamer1.0-gtk3:arm64	1.22.9-1	arm64
gstreamer1.0-opencv-dbgsym:arm64	1.22.9-2	arm64
gstreamer1.0-opencv:arm64	1.22.9-2	arm64
gstreamer1.0-plugins-bad-apps	1.22.9-2	arm64
gstreamer1.0-plugins-bad-apps-dbgsym	1.22.9-2	arm64
gstreamer1.0-plugins-bad-dbgsym:arm64	1.22.9-2	arm64
gstreamer1.0-plugins-bad:arm64	1.22.9-2	arm64
gstreamer1.0-plugins-base-apps	1.22.9-1	arm64
gstreamer1.0-plugins-base-apps-dbgsym	1.22.9-1	arm64
gstreamer1.0-plugins-base-dbgsym:arm64	1.22.9-1	arm64
gstreamer1.0-plugins-base:arm64	1.22.9-1	arm64
gstreamer1.0-plugins-good-dbgsym:arm64	1.22.9-1	arm64
gstreamer1.0-plugins-good:arm64	1.22.9-1	arm64
gstreamer1.0-plugins-ugly:arm64	1.22.0-2+deb12u1	arm64
gstreamer1.0-pulseaudio:arm64	1.22.9-1	arm64
gstreamer1.0-rockchip1	1.14-4	arm64
gstreamer1.0-rockchip1-dbgsym	1.14-4	arm64
gstreamer1.0-tools	1.22.9-1	arm64
gstreamer1.0-tools-dbgsym	1.22.9-1	arm64
gstreamer1.0-wpe-dbgsym:arm64	1.22.9-2	arm64
gstreamer1.0-wpe:arm64	1.22.9-2	arm64
gstreamer1.0-x-dbgsym:arm64	1.22.9-1	arm64
gstreamer1.0-x:arm64	1.22.9-1	arm64
gtk-update-icon-cache	3.24.38-2~deb12u3	arm64
gvfs-common	1.50.3-1	all
gvfs-daemons	1.50.3-1	arm64
gvfs-libs:arm64	1.50.3-1	arm64
gvfs:arm64	1.50.3-1	arm64
gzip	1.12-1	arm64
hardinfo	0.5.1+git20180227-2.1+b1	arm64
hdmi2usb-fx2-firmware	0.0.0~git20151225-3	all
hicolor-icon-theme	0.17-2	all
hostname	3.23+nmu1	arm64
i2c-tools	4.3-2+b3	arm64
ibverbs-providers:arm64	44.0-2	arm64
icu-devtools	72.1-3+deb12u1	arm64
ifupdown	0.8.41	arm64
indi-dsi	0.4+20221223123028-1	arm64
init-system-helpers	1.65.2+deb12u1	all
initramfs-tools	0.142+deb12u3	all
initramfs-tools-core	0.142+deb12u3	all
initscripts	3.06-4	all
input-utils	1.0-1.1+b1	arm64
insserv	1.24.0-1	arm64
iotop	0.6-42-ga14256a-0.1+b2	arm64
iperf	2.1.8+dfsg-1	arm64
iproute2	6.1.0-3	arm64
iptables	1.8.9-2	arm64
iputils-ping	3:20221126-1+deb12u1	arm64
ir-keytable	1.22.1-5	arm64
ir-keytable-dbgsym	1.22.1-5	arm64
isc-dhcp-client	4.4.3-P1-2	arm64
iso-codes	4.15.0-1	all
iw	5.19-1	arm64
ixo-usb-jtag	0.0.1-2	all
kbd	2.5.1-1+b1	arm64
keyboard-configuration	1.221	all
klibc-utils	2.0.12-1	arm64
kmod	30+20221128-1	arm64
less	590-2.1~deb12u2	arm64
liba52-0.7.4:arm64	0.7.4-20	arm64
libaa1:arm64	1.4p5-50	arm64
libabsl20220623:arm64	20220623.1-1+deb12u2	arm64
libacl1:arm64	2.3.1-3	arm64
libadwaita-1-0:arm64	1.2.2-1	arm64
libaec0:arm64	1.0.6-1+b1	arm64
libao-common	1.2.2+20180113-1.1	all
libao4:arm64	1.2.2+20180113-1.1	arm64
libaom3:arm64	3.6.0-1+deb12u2	arm64
libapparmor1:arm64	3.0.8-3	arm64
libapt-pkg6.0:arm64	2.6.1	arm64
libarchive13:arm64	3.6.2-1+deb12u3	arm64
libargon2-1:arm64	0~20171227-0.3+deb12u1	arm64
libarmadillo11	1:11.4.2+dfsg-1	arm64
libarpack2:arm64	3.8.0-3	arm64
libasan8:arm64	12.2.0-14+deb12u1	arm64
libasound2-data	1.2.8-1	all
libasound2:arm64	1.2.8-1+b1	arm64
libass9:arm64	1:0.17.1-1	arm64
libassuan0:arm64	2.5.5-5	arm64
libasyncns0:arm64	0.8-6+b3	arm64
libatasmart4:arm64	0.19-5	arm64
libatk-bridge2.0-0:arm64	2.46.0-5	arm64
libatk-bridge2.0-dev:arm64	2.46.0-5	arm64
libatk1.0-0:arm64	2.46.0-5	arm64
libatk1.0-dev:arm64	2.46.0-5	arm64
libatkmm-1.6-1v5:arm64	2.28.3-1	arm64
libatomic1:arm64	12.2.0-14+deb12u1	arm64
libatopology2:arm64	1.2.8-1+b1	arm64
libatspi2.0-0:arm64	2.46.0-5	arm64
libatspi2.0-dev:arm64	2.46.0-5	arm64
libattr1:arm64	1:2.5.1-4	arm64
libaudit-common	1:3.0.9-1	all
libaudit1:arm64	1:3.0.9-1	arm64
libavahi-client3:arm64	0.8-10+deb12u1	arm64
libavahi-common-data:arm64	0.8-10+deb12u1	arm64
libavahi-common3:arm64	0.8-10+deb12u1	arm64
libavc1394-0:arm64	0.5.4-5	arm64
libavcodec-dev:arm64	7:5.1.7-0+deb12u1	arm64
libavcodec59:arm64	7:5.1.7-0+deb12u1	arm64
libavformat-dev:arm64	7:5.1.7-0+deb12u1	arm64
libavformat59:arm64	7:5.1.7-0+deb12u1	arm64
libavif15:arm64	0.11.1-1+deb12u1	arm64
libavutil-dev:arm64	7:5.1.7-0+deb12u1	arm64
libavutil57:arm64	7:5.1.7-0+deb12u1	arm64
libayatana-appindicator3-1	0.5.92-1	arm64
libayatana-ido3-0.4-0:arm64	0.9.3-1	arm64
libayatana-indicator3-7:arm64	0.9.3-1	arm64
libbabeltrace1:arm64	1.5.11-1+b2	arm64
libbinutils:arm64	2.40-2	arm64
libblas3:arm64	3.11.0-2	arm64
libblkid-dev:arm64	2.38.1-5+deb12u3	arm64
libblkid1:arm64	2.38.1-5+deb12u3	arm64
libblockdev-fs2:arm64	2.28-2+deb12u1	arm64
libblockdev-loop2:arm64	2.28-2+deb12u1	arm64
libblockdev-part-err2:arm64	2.28-2+deb12u1	arm64
libblockdev-part2:arm64	2.28-2+deb12u1	arm64
libblockdev-swap2:arm64	2.28-2+deb12u1	arm64
libblockdev-utils2:arm64	2.28-2+deb12u1	arm64
libblockdev2:arm64	2.28-2+deb12u1	arm64
libblosc1:arm64	1.21.3+ds-1	arm64
libbluetooth3:arm64	5.66-1+deb12u2	arm64
libbluray2:arm64	1:1.3.4-1	arm64
libboost-regex1.74.0:arm64	1.74.0+ds1-21	arm64
libbpf1:arm64	1:1.1.2-0+deb12u1	arm64
libbrotli-dev:arm64	1.0.9-2+b6	arm64
libbrotli1:arm64	1.0.9-2+b6	arm64
libbs2b0:arm64	3.1.0+dfsg-7	arm64
libbsd0:arm64	0.11.7-2	arm64
libbz2-1.0:arm64	1.0.8-5+b1	arm64
libc++1-14:arm64	1:14.0.6-12	arm64
libc++1:arm64	1:14.0-55.7~deb12u1	arm64
libc++abi1-14:arm64	1:14.0.6-12	arm64
libc-bin	2.36-9+deb12u13	arm64
libc-dev-bin	2.36-9+deb12u13	arm64
libc-l10n	2.36-9+deb12u13	all
libc6-dev:arm64	2.36-9+deb12u13	arm64
libc6:arm64	2.36-9+deb12u13	arm64
libcaca0:arm64	0.99.beta20-3	arm64
libcairo-gobject2:arm64	1.16.0-7	arm64
libcairo-script-interpreter2:arm64	1.16.0-7	arm64
libcairo2-dev:arm64	1.16.0-7	arm64
libcairo2:arm64	1.16.0-7	arm64
libcairomm-1.0-1v5:arm64	1.14.4-2	arm64
libcanberra-dev:arm64	0.30-10	arm64
libcanberra-gtk-common-dev	0.30-10	all
libcanberra-gtk3-0:arm64	0.30-10	arm64
libcanberra-gtk3-dev:arm64	0.30-10	arm64
libcanberra0:arm64	0.30-10	arm64
libcap-ng0:arm64	0.8.3-1+b3	arm64
libcap2-bin	1:2.66-4+deb12u2	arm64
libcap2:arm64	1:2.66-4+deb12u2	arm64
libcbor0.8:arm64	0.8.0-2+b1	arm64
libcc1-0:arm64	12.2.0-14+deb12u1	arm64
libcdio19:arm64	2.1.0-4	arm64
libcdparanoia0:arm64	3.10.2+debian-14	arm64
libcfitsio10:arm64	4.2.0-3	arm64
libcharls2:arm64	2.4.1-1	arm64
libcheese-dev:arm64	43.0-1	arm64
libcheese-doc	43.0-1	all
libcheese-gtk-dev:arm64	43.0-1	arm64
libcheese-gtk25-dbgsym:arm64	43.0-1	arm64
libcheese-gtk25:arm64	43.0-1	arm64
libcheese8-dbgsym:arm64	43.0-1	arm64
libcheese8:arm64	43.0-1	arm64
libchromaprint1:arm64	1.5.1-2+b1	arm64
libcjson1:arm64	1.7.15-1+deb12u4	arm64
libclone-perl:arm64	0.46-1	arm64
libcloudproviders0:arm64	0.3.1-2	arm64
libclutter-1.0-0:arm64	1.26.4+dfsg-4	arm64
libclutter-1.0-dev:arm64	1.26.4+dfsg-4	arm64
libclutter-gst-3.0-0:arm64	3.0.27-3	arm64
libclutter-gst-3.0-dev:arm64	3.0.27-3	arm64
libclutter-gtk-1.0-0:arm64	1.8.4-4+b1	arm64
libclutter-gtk-1.0-dev:arm64	1.8.4-4+b1	arm64
libcodec2-1.0:arm64	1.0.5-1	arm64
libcogl-dev:arm64	1.22.8-3+b1	arm64
libcogl-pango-dev:arm64	1.22.8-3+b1	arm64
libcogl-pango20:arm64	1.22.8-3+b1	arm64
libcogl-path-dev:arm64	1.22.8-3+b1	arm64
libcogl-path20:arm64	1.22.8-3+b1	arm64
libcogl20:arm64	1.22.8-3+b1	arm64
libcolord2:arm64	1.4.6-2.2	arm64
libcom-err2:arm64	1.47.0-2+b2	arm64
libcpufreq0	008-2	arm64
libcrypt-dev:arm64	1:4.4.33-2	arm64
libcrypt1:arm64	1:4.4.33-2	arm64
libcryptsetup12:arm64	2:2.6.1-4~deb12u2	arm64
libctf-nobfd0:arm64	2.40-2	arm64
libctf0:arm64	2.40-2	arm64
libcue2:arm64	2.2.1-4+deb12u1	arm64
libcups2:arm64	2.4.2-3+deb12u9	arm64
libcurl3-gnutls:arm64	7.88.1-10+deb12u14	arm64
libcurl4:arm64	7.88.1-10+deb12u14	arm64
libdatrie-dev:arm64	0.2.13-2+b1	arm64
libdatrie1:arm64	0.2.13-2+b1	arm64
libdav1d6:arm64	1.0.0-2+deb12u1	arm64
libdb5.3:arm64	5.3.28+dfsg2-1	arm64
libdbus-1-3:arm64	1.14.10-1~deb12u1	arm64
libdbus-1-dev:arm64	1.14.10-1~deb12u1	arm64
libdbus-glib-1-2:arm64	0.112-3	arm64
libdbusmenu-glib4:arm64	18.10.20180917~bzr492+repack1-3	arm64
libdbusmenu-gtk3-4:arm64	18.10.20180917~bzr492+repack1-3	arm64
libdc1394-25:arm64	2.2.6-4	arm64
libdc1394-dev:arm64	2.2.6-4	arm64
libdca0:arm64	0.0.7-2	arm64
libdconf1:arm64	0.40.0-4	arm64
libde265-0:arm64	1.0.11-1+deb12u2	arm64
libdebconfclient0:arm64	0.270	arm64
libdebuginfod-common	0.188-2.1	all
libdebuginfod1:arm64	0.188-2.1	arm64
libdecor-0-0:arm64	0.1.1-2	arm64
libdeflate-dev:arm64	1.14-1	arm64
libdeflate0:arm64	1.14-1	arm64
libdevmapper1.02.1:arm64	2:1.02.185-2	arm64
libdirectfb-1.7-7:arm64	1.7.7-11	arm64
libdouble-conversion3:arm64	3.2.1-1	arm64
libdpkg-perl	1.21.22	all
libdrm-amdgpu1-dbgsym:arm64	2.4.114-1	arm64
libdrm-amdgpu1:arm64	2.4.114-1	arm64
libdrm-common	2.4.114-1	all
libdrm-cursor	1.4.1-1	arm64
libdrm-cursor-dbgsym	1.4.1-1	arm64
libdrm-cursor-dev	1.4.1-1	arm64
libdrm-dev:arm64	2.4.114-1	arm64
libdrm-etnaviv1-dbgsym:arm64	2.4.114-1	arm64
libdrm-etnaviv1:arm64	2.4.114-1	arm64
libdrm-freedreno1-dbgsym:arm64	2.4.114-1	arm64
libdrm-freedreno1:arm64	2.4.114-1	arm64
libdrm-nouveau2-dbgsym:arm64	2.4.114-1	arm64
libdrm-nouveau2:arm64	2.4.114-1	arm64
libdrm-radeon1-dbgsym:arm64	2.4.114-1	arm64
libdrm-radeon1:arm64	2.4.114-1	arm64
libdrm-tegra0-dbgsym:arm64	2.4.114-1	arm64
libdrm-tegra0:arm64	2.4.114-1	arm64
libdrm2-dbgsym:arm64	2.4.114-1	arm64
libdrm2:arm64	2.4.114-1	arm64
libduktape207:arm64	2.7.0-2	arm64
libdv4:arm64	1.0.0-15	arm64
libdvbv5-0-dbgsym:arm64	1.22.1-5	arm64
libdvbv5-0:arm64	1.22.1-5	arm64
libdvbv5-dev:arm64	1.22.1-5	arm64
libdvbv5-doc	1.22.1-5	all
libdvdnav4:arm64	6.1.1-1	arm64
libdvdread8:arm64	6.1.3-1	arm64
libdw-dev:arm64	0.188-2.1	arm64
libdw1:arm64	0.188-2.1	arm64
libedit2:arm64	3.1-20221030-2	arm64
libegl-dev:arm64	1.6.0-1	arm64
libegl-mesa0:arm64	22.3.6-1+deb12u1	arm64
libegl1-mesa-dev:arm64	22.3.6-1+deb12u1	arm64
libegl1:arm64	1.6.0-1	arm64
libelf-dev:arm64	0.188-2.1	arm64
libelf1:arm64	0.188-2.1	arm64
libencode-locale-perl	1.05-3	all
libepoxy-dev:arm64	1.5.10-1	arm64
libepoxy0:arm64	1.5.10-1	arm64
libept1.6.0:arm64	1.2.1	arm64
liberror-perl	0.17029-2	all
libestr0:arm64	0.1.11-1	arm64
libevdev-dev:arm64	1.13.0+dfsg-1	arm64
libevdev2:arm64	1.13.0+dfsg-1	arm64
libevent-core-2.1-7:arm64	2.1.12-stable-8	arm64
libevent-pthreads-2.1-7:arm64	2.1.12-stable-8	arm64
libexempi8:arm64	2.6.3-1	arm64
libexif-dev:arm64	0.6.24-1+b1	arm64
libexif12:arm64	0.6.24-1+b1	arm64
libexiv2-27:arm64	0.27.6-1	arm64
libexo-2-0:arm64	4.18.0-1	arm64
libexo-common	4.18.0-1	all
libexpat1-dev:arm64	2.5.0-1+deb12u2	arm64
libexpat1:arm64	2.5.0-1+deb12u2	arm64
libext2fs2:arm64	1.47.0-2+b2	arm64
libfaad2:arm64	2.10.1-1	arm64
libfabric1:arm64	1.17.0-3	arm64
libfastjson4:arm64	1.2304.0-1	arm64
libfdisk1:arm64	2.38.1-5+deb12u3	arm64
libffi-dev:arm64	3.4.4-1	arm64
libffi8:arm64	3.4.4-1	arm64
libfftw3-double3:arm64	3.3.10-1	arm64
libfftw3-single3:arm64	3.3.10-1	arm64
libfido2-1:arm64	1.12.0-2+b1	arm64
libfile-listing-perl	6.15-1	all
libflac12:arm64	1.4.2+ds-2	arm64
libflite1:arm64	2.2-5	arm64
libfluidsynth3:arm64	2.3.1-2	arm64
libfontconfig-dev:arm64	2.14.1-4	arm64
libfontconfig1:arm64	2.14.1-4	arm64
libfontenc-dev:arm64	1:1.1.4-1	arm64
libfontenc1:arm64	1:1.1.4-1	arm64
libfreeaptx0:arm64	0.1.1-2	arm64
libfreerdp2-2:arm64	2.10.0+dfsg1-1	arm64
libfreetype-dev:arm64	2.12.1+dfsg-5+deb12u4	arm64
libfreetype6:arm64	2.12.1+dfsg-5+deb12u4	arm64
libfreexl1:arm64	1.0.6-2	arm64
libfribidi-dev:arm64	1.0.8-2.1	arm64
libfribidi0:arm64	1.0.8-2.1	arm64
libfuse3-3:arm64	3.14.0-4	arm64
libfyba0:arm64	4.1.1-8	arm64
libgarcon-1-0:arm64	4.18.0-1	arm64
libgarcon-common	4.18.0-1	all
libgarcon-gtk3-1-0:arm64	4.18.0-1	arm64
libgav1-1:arm64	0.18.0-1+b1	arm64
libgbm-dev:arm64	22.3.6-1+deb12u1	arm64
libgbm1:arm64	22.3.6-1+deb12u1	arm64
libgcc-12-dev:arm64	12.2.0-14+deb12u1	arm64
libgcc-s1:arm64	12.2.0-14+deb12u1	arm64
libgck-1-0:arm64	3.41.1-1+b1	arm64
libgcr-base-3-1:arm64	3.41.1-1+b1	arm64
libgcrypt20:arm64	1.10.1-3	arm64
libgd3:arm64	2.3.3-9	arm64
libgdal32	3.6.2+dfsg-1+b2	arm64
libgdbm-compat4:arm64	1.23-3	arm64
libgdbm6:arm64	1.23-3	arm64
libgdcm-dev	3.0.21-1	arm64
libgdcm3.0:arm64	3.0.21-1	arm64
libgdk-pixbuf-2.0-0:arm64	2.42.10+dfsg-1+deb12u2	arm64
libgdk-pixbuf-2.0-dev:arm64	2.42.10+dfsg-1+deb12u2	arm64
libgdk-pixbuf2.0-bin	2.42.10+dfsg-1+deb12u2	arm64
libgdk-pixbuf2.0-common	2.42.10+dfsg-1+deb12u2	all
libgeos-c1v5:arm64	3.11.1-1	arm64
libgeos3.11.1:arm64	3.11.1-1	arm64
libgeotiff5:arm64	1.7.1-2+b1	arm64
libgexiv2-2:arm64	0.14.0-1+b1	arm64
libgfortran5:arm64	12.2.0-14+deb12u1	arm64
libgif7:arm64	5.2.1-2.5	arm64
libgirara-gtk3-3:arm64	0.4.0-1	arm64
libgirepository-1.0-1:arm64	1.74.0-3	arm64
libgl-dev:arm64	1.6.0-1	arm64
libgl1-mesa-dri:arm64	22.3.6-1+deb12u1	arm64
libgl1:arm64	1.6.0-1	arm64
libgl2ps1.4	1.4.2+dfsg1-2	arm64
libglapi-mesa:arm64	22.3.6-1+deb12u1	arm64
libgles-dev:arm64	1.6.0-1	arm64
libgles1:arm64	1.6.0-1	arm64
libgles2:arm64	1.6.0-1	arm64
libglew2.2:arm64	2.2.0-4+b1	arm64
libglib2.0-0:arm64	2.74.6-2+deb12u7	arm64
libglib2.0-bin	2.74.6-2+deb12u7	arm64
libglib2.0-data	2.74.6-2+deb12u7	all
libglib2.0-dev-bin	2.74.6-2+deb12u7	arm64
libglib2.0-dev:arm64	2.74.6-2+deb12u7	arm64
libglibmm-2.4-1v5:arm64	2.66.5-2	arm64
libglu1-mesa:arm64	9.0.2-1.1	arm64
libglvnd-core-dev:arm64	1.6.0-1	arm64
libglvnd-dev:arm64	1.6.0-1	arm64
libglvnd0:arm64	1.6.0-1	arm64
libglx-dev:arm64	1.6.0-1	arm64
libglx-mesa0:arm64	22.3.6-1+deb12u1	arm64
libglx0:arm64	1.6.0-1	arm64
libgme0:arm64	0.6.3-6	arm64
libgmp10:arm64	2:6.2.1+dfsg1-1.1	arm64
libgnome-autoar-0-0:arm64	0.4.3-1	arm64
libgnome-desktop-3-20:arm64	43.2-2	arm64
libgnome-desktop-4-2:arm64	43.2-2	arm64
libgnutls30:arm64	3.7.9-2+deb12u5	arm64
libgomp1:arm64	12.2.0-14+deb12u1	arm64
libgpg-error0:arm64	1.46-1	arm64
libgphoto2-6:arm64	2.5.30-1	arm64
libgphoto2-dev:arm64	2.5.30-1	arm64
libgphoto2-port12:arm64	2.5.30-1	arm64
libgpm2:arm64	1.20.7-10+b1	arm64
libgprofng0:arm64	2.40-2	arm64
libgraphene-1.0-0:arm64	1.10.8-1	arm64
libgraphite2-3:arm64	1.3.14-1	arm64
libgraphite2-dev:arm64	1.3.14-1	arm64
libgs-common	10.0.0~dfsg-11+deb12u8	all
libgs10-common	10.0.0~dfsg-11+deb12u8	all
libgs10:arm64	10.0.0~dfsg-11+deb12u8	arm64
libgsf-1-114:arm64	1.14.50-1+deb12u1	arm64
libgsf-1-common	1.14.50-1+deb12u1	all
libgsm1:arm64	1.0.22-1	arm64
libgssapi-krb5-2:arm64	1.20.1-2+deb12u4	arm64
libgssdp-1.6-0:arm64	1.6.2-2	arm64
libgstreamer-gl1.0-0-dbgsym:arm64	1.22.9-1	arm64
libgstreamer-gl1.0-0:arm64	1.22.9-1	arm64
libgstreamer-opencv1.0-0-dbgsym:arm64	1.22.9-2	arm64
libgstreamer-opencv1.0-0:arm64	1.22.9-2	arm64
libgstreamer-plugins-bad1.0-0-dbgsym:arm64	1.22.9-2	arm64
libgstreamer-plugins-bad1.0-0:arm64	1.22.9-2	arm64
libgstreamer-plugins-bad1.0-dev:arm64	1.22.9-2	arm64
libgstreamer-plugins-base1.0-0-dbgsym:arm64	1.22.9-1	arm64
libgstreamer-plugins-base1.0-0:arm64	1.22.9-1	arm64
libgstreamer-plugins-base1.0-dev	1.22.9-1	arm64
libgstreamer1.0-0-dbgsym:arm64	1.22.9-1	arm64
libgstreamer1.0-0:arm64	1.22.9-1	arm64
libgstreamer1.0-dev-dbgsym:arm64	1.22.9-1	arm64
libgstreamer1.0-dev:arm64	1.22.9-1	arm64
libgtk-3-0:arm64	3.24.38-2~deb12u3	arm64
libgtk-3-common	3.24.38-2~deb12u3	all
libgtk-3-dev:arm64	3.24.38-2~deb12u3	arm64
libgtk-4-1:arm64	4.8.3+ds-2+deb12u1	arm64
libgtk-4-common	4.8.3+ds-2+deb12u1	all
libgtk2.0-0:arm64	2.24.33-2+deb12u1	arm64
libgtk2.0-common	2.24.33-2+deb12u1	all
libgtk2.0-dev:arm64	2.24.33-2+deb12u1	arm64
libgtkmm-3.0-1v5:arm64	3.24.7-1	arm64
libgtop-2.0-11:arm64	2.40.0-2	arm64
libgtop2-common	2.40.0-2	all
libgudev-1.0-0:arm64	237-2	arm64
libgudev-1.0-dev:arm64	237-2	arm64
libgupnp-1.6-0:arm64	1.6.3-1	arm64
libgupnp-igd-1.0-4:arm64	1.2.0-3	arm64
libgxps2:arm64	0.3.2-2+b1	arm64
libharfbuzz-dev:arm64	6.0.0+dfsg-3	arm64
libharfbuzz-gobject0:arm64	6.0.0+dfsg-3	arm64
libharfbuzz-icu0:arm64	6.0.0+dfsg-3	arm64
libharfbuzz-subset0:arm64	6.0.0+dfsg-3	arm64
libharfbuzz0b:arm64	6.0.0+dfsg-3	arm64
libhdf4-0-alt	4.2.15-5	arm64
libhdf5-103-1:arm64	1.10.8+repack1-1	arm64
libhdf5-hl-100:arm64	1.10.8+repack1-1	arm64
libheif1:arm64	1.15.1-1+deb12u1	arm64
libhogweed6:arm64	3.8.1-2	arm64
libhtml-parser-perl:arm64	3.81-1	arm64
libhtml-tagset-perl	3.20-6	all
libhtml-tree-perl	5.07-3	all
libhttp-cookies-perl	6.10-1	all
libhttp-date-perl	6.05-2	all
libhttp-message-perl	6.44-1	all
libhttp-negotiate-perl	6.01-2	all
libhwasan0:arm64	12.2.0-14+deb12u1	arm64
libhwloc-plugins:arm64	2.9.0-1	arm64
libhwloc15:arm64	2.9.0-1	arm64
libhwy1:arm64	1.0.3-3+deb12u1	arm64
libi2c0:arm64	4.3-2+b3	arm64
libibverbs1:arm64	44.0-2	arm64
libical3:arm64	3.0.16-1+b1	arm64
libice-dev:arm64	2:1.0.10-1	arm64
libice6:arm64	2:1.0.10-1	arm64
libicu-dev:arm64	72.1-3+deb12u1	arm64
libicu72:arm64	72.1-3+deb12u1	arm64
libid3tag0:arm64	0.15.1b-14	arm64
libidn12:arm64	1.41-1	arm64
libidn2-0:arm64	2.3.3-1+b1	arm64
libiec61883-0:arm64	1.2.0-6+b1	arm64
libijs-0.35:arm64	0.35-15	arm64
libimath-3-1-29:arm64	3.1.6-1	arm64
libimath-dev:arm64	3.1.6-1	arm64
libimlib2:arm64	1.10.0-4+deb12u1	arm64
libindi-data	1.9.9+dfsg-2	all
libindidriver1:arm64	1.9.9+dfsg-2+b1	arm64
libinput-bin	1.22.1-1	arm64
libinput-dev:arm64	1.22.1-1	arm64
libinput10:arm64	1.22.1-1	arm64
libinstpatch-1.0-2:arm64	1.1.6-1	arm64
libio-html-perl	1.004-3	all
libio-socket-ssl-perl	2.081-2	all
libip4tc2:arm64	1.8.9-2	arm64
libip6tc2:arm64	1.8.9-2	arm64
libiptcdata0	1.0.5-2.3	arm64
libisl23:arm64	0.25-1.1	arm64
libitm1:arm64	12.2.0-14+deb12u1	arm64
libiw30:arm64	30~pre9-14	arm64
libjack-jackd2-0:arm64	1.9.21~dfsg-3	arm64
libjansson4:arm64	2.14-2	arm64
libjbig-dev:arm64	2.1-6.1	arm64
libjbig0:arm64	2.1-6.1	arm64
libjbig2dec0:arm64	0.19-3	arm64
libjim0.81:arm64	0.81+dfsg0-2	arm64
libjpeg-dev:arm64	1:2.1.5-2	arm64
libjpeg62-turbo-dev:arm64	1:2.1.5-2	arm64
libjpeg62-turbo:arm64	1:2.1.5-2	arm64
libjson-c5:arm64	0.16-2	arm64
libjson-glib-1.0-0:arm64	1.6.6-1	arm64
libjson-glib-1.0-common	1.6.6-1	all
libjson-glib-dev:arm64	1.6.6-1	arm64
libjsoncpp25:arm64	1.9.5-4	arm64
libjudydebian1	1.0.5-5+b2	arm64
libjxl0.7:arm64	0.7.0-10+deb12u1	arm64
libk5crypto3:arm64	1.20.1-2+deb12u4	arm64
libkate1:arm64	0.4.1-11	arm64
libkeybinder-3.0-0:arm64	0.3.2-1.1	arm64
libkeyutils1:arm64	1.6.3-2	arm64
libklibc:arm64	2.0.12-1	arm64
libkmlbase1:arm64	1.3.0-10	arm64
libkmldom1:arm64	1.3.0-10	arm64
libkmlengine1:arm64	1.3.0-10	arm64
libkmod2:arm64	30+20221128-1	arm64
libkrb5-3:arm64	1.20.1-2+deb12u4	arm64
libkrb5support0:arm64	1.20.1-2+deb12u4	arm64
libksba8:arm64	1.6.3-2	arm64
liblapack3:arm64	3.11.0-2	arm64
liblc3-0:arm64	1.0.1-1+b1	arm64
liblcms2-2:arm64	2.14-2	arm64
libldacbt-abr2:arm64	2.0.2.3+git20200429+ed310a0-4	arm64
libldacbt-enc2:arm64	2.0.2.3+git20200429+ed310a0-4	arm64
libldap-2.5-0:arm64	2.5.13+dfsg-5	arm64
liblept5:arm64	1.82.0-3+b3	arm64
liblerc-dev:arm64	4.0.0+ds-2	arm64
liblerc4:arm64	4.0.0+ds-2	arm64
liblightdm-gobject-1-0:arm64	1.26.0-8	arm64
liblilv-0-0:arm64	0.24.14-1	arm64
libllvm15:arm64	1:15.0.6-4+b1	arm64
liblocale-gettext-perl	1.07-5	arm64
liblognorm5:arm64	2.0.6-4	arm64
liblrdf0:arm64	0.6.1-4	arm64
liblsan0:arm64	12.2.0-14+deb12u1	arm64
libltc11:arm64	1.3.2-1	arm64
libltdl7:arm64	2.4.7-7~deb12u1	arm64
liblua5.3-0:arm64	5.3.6-2	arm64
liblwp-mediatypes-perl	6.04-2	all
liblwp-protocol-https-perl	6.10-1	all
liblz4-1:arm64	1.9.4-1	arm64
liblzma-dev:arm64	5.4.1-1	arm64
liblzma5:arm64	5.4.1-1	arm64
liblzo2-2:arm64	2.10-2	arm64
libmad0:arm64	0.15.1b-10.1+b1	arm64
libmagic-mgc	1:5.44-3	arm64
libmagic1:arm64	1:5.44-3	arm64
libmali-bifrost-g52-g13p0-x11-gbm	1.9-1	arm64
libmali-bifrost-g52-g13p0-x11-gbm-dbgsym	1.9-1	arm64
libmariadb3:arm64	1:10.11.14-0+deb12u2	arm64
libmbedcrypto7:arm64	2.28.3-1	arm64
libmd0:arm64	1.0.4-2	arm64
libmd4c0:arm64	0.4.8-1	arm64
libminizip1:arm64	1.1-8+deb12u1	arm64
libmjpegutils-2.1-0:arm64	1:2.1.0+debian-7	arm64
libmm-glib0:arm64	1.20.4-1	arm64
libmnl0:arm64	1.0.4-3	arm64
libmodplug1:arm64	1:0.8.9.0-3	arm64
libmount-dev:arm64	2.38.1-5+deb12u3	arm64
libmount1:arm64	2.38.1-5+deb12u3	arm64
libmp3lame0:arm64	3.100-6	arm64
libmpc3:arm64	1.3.1-1	arm64
libmpcdec6:arm64	2:0.1~r495-2	arm64
libmpeg2-4:arm64	0.5.1-9	arm64
libmpeg2encpp-2.1-0:arm64	1:2.1.0+debian-7	arm64
libmpfr6:arm64	4.2.0-1	arm64
libmpg123-0:arm64	1.31.2-1+deb12u1	arm64
libmplex2-2.1-0:arm64	1:2.1.0+debian-7	arm64
libmtdev-dev:arm64	1.1.6-1	arm64
libmtdev1:arm64	1.1.6-1	arm64
libmunge2	0.5.15-2	arm64
libnautilus-extension4:arm64	43.2-1	arm64
libncurses6:arm64	6.4-4	arm64
libncursesw6:arm64	6.4-4	arm64
libndp0:arm64	1.8-1+deb12u1	arm64
libneon27:arm64	0.32.5-1	arm64
libnet-dbus-perl	1.2.0-2	arm64
libnet-http-perl	6.22-1	all
libnet-ssleay-perl:arm64	1.92-2+b1	arm64
libnetcdf19:arm64	1:4.9.0-3+b1	arm64
libnetfilter-conntrack3:arm64	1.0.9-3	arm64
libnettle8:arm64	3.8.1-2	arm64
libnewt0.52:arm64	0.52.23-1+b1	arm64
libnfnetlink0:arm64	1.0.2-2	arm64
libnftables1:arm64	1.0.6-2+deb12u2	arm64
libnftnl11:arm64	1.2.4-2	arm64
libnghttp2-14:arm64	1.52.0-1+deb12u2	arm64
libnice10:arm64	0.1.21-1	arm64
libnl-3-200:arm64	3.7.0-0.2+b1	arm64
libnl-genl-3-200:arm64	3.7.0-0.2+b1	arm64
libnl-route-3-200:arm64	3.7.0-0.2+b1	arm64
libnm0:arm64	1.42.4-1+deb12u1	arm64
libnma-common	1.10.6-1	all
libnma-gtk4-0:arm64	1.10.6-1	arm64
libnma0:arm64	1.10.6-1	arm64
libnorm1:arm64	1.5.9+dfsg-2	arm64
libnotify4:arm64	0.8.1-1	arm64
libnova-0.16-0:arm64	0.16-5	arm64
libnpth0:arm64	1.6-3	arm64
libnsl-dev:arm64	1.3.0-2	arm64
libnsl2:arm64	1.3.0-2	arm64
libnspr4:arm64	2:4.35-1	arm64
libnss3:arm64	2:3.87.1-1+deb12u1	arm64
libntfs-3g89:arm64	1:2022.10.3-1+deb12u2	arm64
libnuma1:arm64	2.0.16-1	arm64
libobrender32v5	3.6.1-10	arm64
libobt2v5	3.6.1-10	arm64
libodbc2:arm64	2.3.11-2+deb12u1	arm64
libodbcinst2:arm64	2.3.11-2+deb12u1	arm64
libogdi4.1	4.1.0+ds-6	arm64
libogg0:arm64	1.3.5-3	arm64
liboobs-1-5:arm64	3.0.0-4+b2	arm64
libopenal-data	1:1.19.1-2	all
libopenal1:arm64	1:1.19.1-2	arm64
libopencore-amrnb0:arm64	0.1.6-1	arm64
libopencore-amrwb0:arm64	0.1.6-1	arm64
libopencv-calib3d-dev:arm64	4.6.0+dfsg-12	arm64
libopencv-calib3d406:arm64	4.6.0+dfsg-12	arm64
libopencv-contrib-dev:arm64	4.6.0+dfsg-12	arm64
libopencv-contrib406:arm64	4.6.0+dfsg-12	arm64
libopencv-core-dev:arm64	4.6.0+dfsg-12	arm64
libopencv-core406:arm64	4.6.0+dfsg-12	arm64
libopencv-dev	4.6.0+dfsg-12	arm64
libopencv-dnn-dev:arm64	4.6.0+dfsg-12	arm64
libopencv-dnn406:arm64	4.6.0+dfsg-12	arm64
libopencv-features2d-dev:arm64	4.6.0+dfsg-12	arm64
libopencv-features2d406:arm64	4.6.0+dfsg-12	arm64
libopencv-flann-dev:arm64	4.6.0+dfsg-12	arm64
libopencv-flann406:arm64	4.6.0+dfsg-12	arm64
libopencv-highgui-dev:arm64	4.6.0+dfsg-12	arm64
libopencv-highgui406:arm64	4.6.0+dfsg-12	arm64
libopencv-imgcodecs-dev:arm64	4.6.0+dfsg-12	arm64
libopencv-imgcodecs406:arm64	4.6.0+dfsg-12	arm64
libopencv-imgproc-dev:arm64	4.6.0+dfsg-12	arm64
libopencv-imgproc406:arm64	4.6.0+dfsg-12	arm64
libopencv-ml-dev:arm64	4.6.0+dfsg-12	arm64
libopencv-ml406:arm64	4.6.0+dfsg-12	arm64
libopencv-objdetect-dev:arm64	4.6.0+dfsg-12	arm64
libopencv-objdetect406:arm64	4.6.0+dfsg-12	arm64
libopencv-photo-dev:arm64	4.6.0+dfsg-12	arm64
libopencv-photo406:arm64	4.6.0+dfsg-12	arm64
libopencv-shape-dev:arm64	4.6.0+dfsg-12	arm64
libopencv-shape406:arm64	4.6.0+dfsg-12	arm64
libopencv-stitching-dev:arm64	4.6.0+dfsg-12	arm64
libopencv-stitching406:arm64	4.6.0+dfsg-12	arm64
libopencv-superres-dev:arm64	4.6.0+dfsg-12	arm64
libopencv-superres406:arm64	4.6.0+dfsg-12	arm64
libopencv-video-dev:arm64	4.6.0+dfsg-12	arm64
libopencv-video406:arm64	4.6.0+dfsg-12	arm64
libopencv-videoio-dev:arm64	4.6.0+dfsg-12	arm64
libopencv-videoio406:arm64	4.6.0+dfsg-12	arm64
libopencv-videostab-dev:arm64	4.6.0+dfsg-12	arm64
libopencv-videostab406:arm64	4.6.0+dfsg-12	arm64
libopencv-viz-dev:arm64	4.6.0+dfsg-12	arm64
libopencv-viz406:arm64	4.6.0+dfsg-12	arm64
libopenexr-3-1-30:arm64	3.1.5-5	arm64
libopenexr-dev	3.1.5-5	arm64
libopengl-dev:arm64	1.6.0-1	arm64
libopengl0:arm64	1.6.0-1	arm64
libopenh264-7:arm64	2.3.1+dfsg-3+deb12u2	arm64
libopenjp2-7:arm64	2.5.0-2+deb12u2	arm64
libopenmpi3:arm64	4.1.4-3+b1	arm64
libopenmpt0:arm64	0.6.9-1	arm64
libopenni2-0:arm64	2.2.0.33+dfsg-15+b1	arm64
libopus0:arm64	1.3.1-3	arm64
liborc-0.4-0:arm64	1:0.4.33-2	arm64
liborc-0.4-dev-bin	1:0.4.33-2	arm64
liborc-0.4-dev:arm64	1:0.4.33-2	arm64
libosinfo-1.0-0:arm64	1.10.0-2	arm64
libosinfo-l10n	1.10.0-2	all
libp11-kit0:arm64	0.24.1-2	arm64
libpam-modules-bin	1.5.2-6+deb12u1	arm64
libpam-modules:arm64	1.5.2-6+deb12u1	arm64
libpam-runtime	1.5.2-6+deb12u1	all
libpam-systemd:arm64	252.39-1~deb12u1	arm64
libpam0g:arm64	1.5.2-6+deb12u1	arm64
libpango-1.0-0:arm64	1.50.12+ds-1	arm64
libpango1.0-dev:arm64	1.50.12+ds-1	arm64
libpangocairo-1.0-0:arm64	1.50.12+ds-1	arm64
libpangoft2-1.0-0:arm64	1.50.12+ds-1	arm64
libpangomm-1.4-1v5:arm64	2.46.3-1	arm64
libpangoxft-1.0-0:arm64	1.50.12+ds-1	arm64
libpaper1:arm64	1.1.29	arm64
libparted-fs-resize0:arm64	3.5-3	arm64
libparted2:arm64	3.5-3	arm64
libpcap0.8:arm64	1.10.3-1	arm64
libpci3:arm64	1:3.9.0-4	arm64
libpciaccess-dev:arm64	0.17-2	arm64
libpciaccess0:arm64	0.17-2	arm64
libpcre2-16-0:arm64	10.42-1	arm64
libpcre2-32-0:arm64	10.42-1	arm64
libpcre2-8-0:arm64	10.42-1	arm64
libpcre2-dev:arm64	10.42-1	arm64
libpcre2-posix3:arm64	10.42-1	arm64
libpcsclite1:arm64	1.9.9-2	arm64
libpeas-1.0-0:arm64	1.34.0-1+b1	arm64
libpeas-common	1.34.0-1	all
libperl5.36:arm64	5.36.0-7+deb12u3	arm64
libpgm-5.3-0:arm64	5.3.128~dfsg-2	arm64
libpipeline1:arm64	1.5.7-1	arm64
libpipewire-0.3-0:arm64	0.3.65-3+deb12u1	arm64
libpipewire-0.3-dev:arm64	0.3.65-3+deb12u1	arm64
libpipewire-0.3-modules:arm64	0.3.65-3+deb12u1	arm64
libpixman-1-0:arm64	0.42.2-1	arm64
libpixman-1-dev:arm64	0.42.2-1	arm64
libpkcs11-helper1:arm64	1.29.0-1	arm64
libpkgconf3:arm64	1.8.1-1	arm64
libpmix2:arm64	4.2.2-1+deb12u1	arm64
libpng-dev:arm64	1.6.39-2	arm64
libpng16-16:arm64	1.6.39-2	arm64
libpolkit-agent-1-0:arm64	122-3	arm64
libpolkit-gobject-1-0:arm64	122-3	arm64
libpoppler-glib8:arm64	22.12.0-2+deb12u1	arm64
libpoppler126:arm64	22.12.0-2+deb12u1	arm64
libpopt0:arm64	1.19+dfsg-1	arm64
libportal-gtk4-1:arm64	0.6-4	arm64
libportal1:arm64	0.6-4	arm64
libpq5:arm64	15.14-0+deb12u1	arm64
libproc2-0:arm64	2:4.0.2-3	arm64
libproj25:arm64	9.1.1-1+b1	arm64
libprotobuf32:arm64	3.21.12-3	arm64
libproxy1v5:arm64	0.4.18-1.2	arm64
libpsl5:arm64	0.21.2-1	arm64
libpthread-stubs0-dev:arm64	0.4-1	arm64
libpulse-mainloop-glib0:arm64	16.1+dfsg1-2+b1	arm64
libpulse0:arm64	16.1+dfsg1-2+b1	arm64
libpython3-stdlib:arm64	3.11.2-1+b1	arm64
libpython3.11-minimal:arm64	3.11.2-6+deb12u6	arm64
libpython3.11-stdlib:arm64	3.11.2-6+deb12u6	arm64
libpython3.11:arm64	3.11.2-6+deb12u6	arm64
libqhull-r8.0:arm64	2020.2-5	arm64
libqrencode4:arm64	4.1.1-1	arm64
libqt5core5a:arm64	5.15.8+dfsg-11+deb12u3	arm64
libqt5dbus5:arm64	5.15.8+dfsg-11+deb12u3	arm64
libqt5gui5:arm64	5.15.8+dfsg-11+deb12u3	arm64
libqt5network5:arm64	5.15.8+dfsg-11+deb12u3	arm64
libqt5opengl5:arm64	5.15.8+dfsg-11+deb12u3	arm64
libqt5test5:arm64	5.15.8+dfsg-11+deb12u3	arm64
libqt5widgets5:arm64	5.15.8+dfsg-11+deb12u3	arm64
librabbitmq4:arm64	0.11.0-1+deb12u1	arm64
libraptor2-0:arm64	2.0.15-4+deb12u1	arm64
librav1e0:arm64	0.5.1-6	arm64
libraw1394-11:arm64	2.1.2-2	arm64
libraw1394-dev:arm64	2.1.2-2	arm64
librdmacm1:arm64	44.0-2	arm64
libreadline8:arm64	8.2-1.3	arm64
libregexp-ipv6-perl	0.03-3	all
librga-dev	2.2.0-1	arm64
librga2	2.2.0-1	arm64
librga2-dbgsym	2.2.0-1	arm64
librhash0:arm64	1.4.3-3	arm64
librhythmbox-core10:arm64	3.4.6-2+b1	arm64
librist4:arm64	0.2.7+dfsg-1	arm64
librockchip-mpp-dev	1.5.0-1	arm64
librockchip-mpp1	1.5.0-1	arm64
librockchip-mpp1-dbgsym	1.5.0-1	arm64
librockchip-vpu0	1.5.0-1	arm64
librockchip-vpu0-dbgsym	1.5.0-1	arm64
librsvg2-2:arm64	2.54.7+dfsg-1~deb12u1	arm64
librsvg2-common:arm64	2.54.7+dfsg-1~deb12u1	arm64
librtmp1:arm64	2.4+20151223.gitfa8646d.1-2+b2	arm64
librttopo1:arm64	1.1.0-3	arm64
libsamplerate0:arm64	0.2.2-3	arm64
libsasl2-2:arm64	2.1.28+dfsg-10	arm64
libsasl2-modules-db:arm64	2.1.28+dfsg-10	arm64
libsbc1:arm64	2.0-1	arm64
libsctp1:arm64	1.0.19+dfsg-2	arm64
libsdl2-2.0-0:arm64	2.26.5+dfsg-1	arm64
libseccomp2:arm64	2.5.4-1+deb12u1	arm64
libsecret-1-0:arm64	0.20.5-3	arm64
libsecret-common	0.20.5-3	all
libselinux1-dev:arm64	3.4-1+b6	arm64
libselinux1:arm64	3.4-1+b6	arm64
libsemanage-common	3.4-1	all
libsemanage2:arm64	3.4-1+b5	arm64
libsensors-config	1:3.6.0-7.1	all
libsensors5:arm64	1:3.6.0-7.1	arm64
libsepol-dev:arm64	3.4-2.1	arm64
libsepol2:arm64	3.4-2.1	arm64
libserd-0-0:arm64	0.30.16-1	arm64
libshine3:arm64	3.1.1-2	arm64
libshout3:arm64	2.4.6-1+b1	arm64
libsidplay1v5:arm64	1.36.60-1	arm64
libsigc++-2.0-0v5:arm64	2.12.0-1	arm64
libslang2:arm64	2.3.3-3	arm64
libsm-dev:arm64	2:1.2.3-1	arm64
libsm6:arm64	2:1.2.3-1	arm64
libsmartcols1:arm64	2.38.1-5+deb12u3	arm64
libsnappy1v5:arm64	1.1.9-3	arm64
libsndfile1:arm64	1.2.0-1+deb12u1	arm64
libsndio7.0:arm64	1.9.0-0.3+b2	arm64
libsocket++1:arm64	1.12.13+git20131030.5d039ba-1+b1	arm64
libsodium23:arm64	1.0.18-1	arm64
libsord-0-0:arm64	0.16.14+git221008-1	arm64
libsoundtouch1:arm64	2.3.2+ds1-1	arm64
libsoup-3.0-0:arm64	3.2.3-0+deb12u2	arm64
libsoup-3.0-common	3.2.3-0+deb12u2	all
libsoup2.4-1:arm64	2.74.3-1+deb12u1	arm64
libsoup2.4-common	2.74.3-1+deb12u1	all
libsource-highlight-common	3.1.9-4.2	all
libsource-highlight4v5:arm64	3.1.9-4.2+b3	arm64
libsox-fmt-all:arm64	14.4.2+git20190427-3.5	arm64
libsox-fmt-alsa:arm64	14.4.2+git20190427-3.5	arm64
libsox-fmt-ao:arm64	14.4.2+git20190427-3.5	arm64
libsox-fmt-base:arm64	14.4.2+git20190427-3.5	arm64
libsox-fmt-mp3:arm64	14.4.2+git20190427-3.5	arm64
libsox-fmt-oss:arm64	14.4.2+git20190427-3.5	arm64
libsox-fmt-pulse:arm64	14.4.2+git20190427-3.5	arm64
libsox3:arm64	14.4.2+git20190427-3.5	arm64
libsoxr0:arm64	0.1.3-4	arm64
libspa-0.2-bluetooth:arm64	0.3.65-3+deb12u1	arm64
libspa-0.2-dev:arm64	0.3.65-3+deb12u1	arm64
libspa-0.2-modules:arm64	0.3.65-3+deb12u1	arm64
libspandsp2:arm64	0.0.6+dfsg-2+b1	arm64
libspatialite7:arm64	5.0.1-3	arm64
libspectre1:arm64	0.2.12-1	arm64
libspeex1:arm64	1.2.1-2	arm64
libsqlite3-0:arm64	3.40.1-2+deb12u2	arm64
libsratom-0-0:arm64	0.6.14-1	arm64
libsrt1.5-gnutls:arm64	1.5.1-1+deb12u1	arm64
libsrtp2-1:arm64	2.5.0-3	arm64
libss2:arm64	1.47.0-2+b2	arm64
libssh-gcrypt-4:arm64	0.10.6-0+deb12u1	arm64
libssh2-1:arm64	1.10.0-3+b1	arm64
libssl3:arm64	3.0.17-1~deb12u3	arm64
libstartup-notification0:arm64	0.12-6+b1	arm64
libstdc++-12-dev:arm64	12.2.0-14+deb12u1	arm64
libstdc++6:arm64	12.2.0-14+deb12u1	arm64
libstemmer0d:arm64	2.2.0-2	arm64
libstrongswan	5.9.8-5+deb12u2	arm64
libsuperlu5:arm64	5.3.0+dfsg1-2+b1	arm64
libsvtav1enc1:arm64	1.4.1+dfsg-1	arm64
libswresample-dev:arm64	7:5.1.7-0+deb12u1	arm64
libswresample4:arm64	7:5.1.7-0+deb12u1	arm64
libswscale-dev:arm64	7:5.1.7-0+deb12u1	arm64
libswscale6:arm64	7:5.1.7-0+deb12u1	arm64
libsynctex2:arm64	2022.20220321.62855-5.1+deb12u2	arm64
libsystemd-shared:arm64	252.39-1~deb12u1	arm64
libsystemd0:arm64	252.39-1~deb12u1	arm64
libsz2:arm64	1.0.6-1+b1	arm64
libtag1v5-vanilla:arm64	1.13-2	arm64
libtag1v5:arm64	1.13-2	arm64
libtasn1-6:arm64	4.19.0-2+deb12u1	arm64
libtbb-dev:arm64	2021.8.0-2	arm64
libtbb12:arm64	2021.8.0-2	arm64
libtbbbind-2-5:arm64	2021.8.0-2	arm64
libtbbmalloc2:arm64	2021.8.0-2	arm64
libtcl8.6:arm64	8.6.13+dfsg-2	arm64
libtdb1:arm64	1.4.8-2	arm64
libteamdctl0:arm64	1.31-1	arm64
libtesseract5:arm64	5.3.0-2	arm64
libthai-data	0.1.29-1	all
libthai-dev:arm64	0.1.29-1	arm64
libthai0:arm64	0.1.29-1	arm64
libtheora0:arm64	1.1.1+dfsg.1-16.1+deb12u1	arm64
libthunarx-3-0:arm64	4.18.4-1	arm64
libtiff-dev:arm64	4.5.0-6+deb12u3	arm64
libtiff6:arm64	4.5.0-6+deb12u3	arm64
libtiffxx6:arm64	4.5.0-6+deb12u3	arm64
libtimedate-perl	2.3300-2	all
libtinfo6:arm64	6.4-4	arm64
libtirpc-common	1.3.3+ds-1	all
libtirpc-dev:arm64	1.3.3+ds-1	arm64
libtirpc3:arm64	1.3.3+ds-1	arm64
libtk8.6:arm64	8.6.13-2	arm64
libtotem-plparser-common	3.26.6-1	all
libtotem-plparser18:arm64	3.26.6-1+b1	arm64
libtraceevent1-plugin:arm64	1:1.7.1-1	arm64
libtraceevent1:arm64	1:1.7.1-1	arm64
libtracefs1:arm64	1.6.4-1	arm64
libtracker-sparql-3.0-0:arm64	3.4.2-1	arm64
libtry-tiny-perl	0.31-2	all
libtsan2:arm64	12.2.0-14+deb12u1	arm64
libtwolame0:arm64	0.4.0-2	arm64
libubsan1:arm64	12.2.0-14+deb12u1	arm64
libuchardet0:arm64	0.0.7-1	arm64
libucx0:arm64	1.13.1-1	arm64
libudev-dev:arm64	252.39-1~deb12u1	arm64
libudev1:arm64	252.39-1~deb12u1	arm64
libudfread0:arm64	1.1.2-1	arm64
libudisks2-0:arm64	2.9.4-4+deb12u2	arm64
libunistring2:arm64	1.0-2	arm64
libunwind-14:arm64	1:14.0.6-12	arm64
libunwind-dev:arm64	1.6.2-3	arm64
libunwind8:arm64	1.6.2-3	arm64
libupower-glib3:arm64	0.99.20-2	arm64
liburi-perl	5.17-1	all
liburiparser1:arm64	0.9.7+dfsg-2	arm64
libusb-1.0-0:arm64	2:1.0.26-1	arm64
libutempter0:arm64	1.2.1-3	arm64
libuuid1:arm64	2.38.1-5+deb12u3	arm64
libuv1:arm64	1.44.2-1+deb12u1	arm64
libv4l-0-dbgsym:arm64	1.22.1-5	arm64
libv4l-0:arm64	1.22.1-5	arm64
libv4l-dev:arm64	1.22.1-5	arm64
libv4l-rkmpp	1.7.0-1	arm64
libv4l-rkmpp-dbgsym	1.7.0-1	arm64
libv4l2rds0-dbgsym:arm64	1.22.1-5	arm64
libv4l2rds0:arm64	1.22.1-5	arm64
libv4lconvert0-dbgsym:arm64	1.22.1-5	arm64
libv4lconvert0:arm64	1.22.1-5	arm64
libva-drm2:arm64	2.17.0-1	arm64
libva-x11-2:arm64	2.17.0-1	arm64
libva2:arm64	2.17.0-1	arm64
libvdpau1:arm64	1.5-2	arm64
libvisual-0.4-0:arm64	0.4.0-19	arm64
libvo-aacenc0:arm64	0.1.3-2	arm64
libvo-amrwbenc0:arm64	0.1.3-2	arm64
libvorbis0a:arm64	1.3.7-1	arm64
libvorbisenc2:arm64	1.3.7-1	arm64
libvorbisfile3:arm64	1.3.7-1	arm64
libvpx7:arm64	1.12.0-1+deb12u4	arm64
libvte-2.91-0:arm64	0.70.6-2~deb12u1	arm64
libvte-2.91-common	0.70.6-2~deb12u1	arm64
libvtk9.1:arm64	9.1.0+really9.1.0+dfsg2-5	arm64
libvulkan1:arm64	1.3.239.0-1	arm64
libwacom-common	2.6.0-1	all
libwacom-dev:arm64	2.6.0-1	arm64
libwacom9:arm64	2.6.0-1	arm64
libwavpack1:arm64	5.6.0-1	arm64
libwayland-bin	1.21.0-1	arm64
libwayland-bin-dbgsym	1.21.0-1	arm64
libwayland-client0-dbgsym:arm64	1.21.0-1	arm64
libwayland-client0:arm64	1.21.0-1	arm64
libwayland-cursor0-dbgsym:arm64	1.21.0-1	arm64
libwayland-cursor0:arm64	1.21.0-1	arm64
libwayland-dev:arm64	1.21.0-1	arm64
libwayland-doc	1.21.0-1	all
libwayland-egl-backend-dev:arm64	1.21.0-1	arm64
libwayland-egl1-dbgsym:arm64	1.21.0-1	arm64
libwayland-egl1:arm64	1.21.0-1	arm64
libwayland-server0-dbgsym:arm64	1.21.0-1	arm64
libwayland-server0:arm64	1.21.0-1	arm64
libwebp-dev:arm64	1.2.4-0.2+deb12u1	arm64
libwebp7:arm64	1.2.4-0.2+deb12u1	arm64
libwebpdemux2:arm64	1.2.4-0.2+deb12u1	arm64
libwebpmux3:arm64	1.2.4-0.2+deb12u1	arm64
libwebrtc-audio-processing1:arm64	0.3-1+b1	arm64
libweston-10-0	10.0.1-1	arm64
libweston-10-0-dbgsym	10.0.1-1	arm64
libweston-10-dev	10.0.1-1	arm64
libwildmidi2:arm64	0.4.3-1	arm64
libwinpr2-2:arm64	2.10.0+dfsg1-1	arm64
libwireplumber-0.4-0-dbgsym:arm64	0.4.13-1	arm64
libwireplumber-0.4-0:arm64	0.4.13-1	arm64
libwireplumber-0.4-dev:arm64	0.4.13-1	arm64
libwnck-3-0:arm64	43.0-3	arm64
libwnck-3-common	43.0-3	all
libwoff1:arm64	1.0.2-2	arm64
libwpe-1.0-1:arm64	1.14.0-1	arm64
libwpebackend-fdo-1.0-1:arm64	1.14.2-1	arm64
libwpewebkit-1.1-0:arm64	2.38.6-1	arm64
libwrap0:arm64	7.6.q-32	arm64
libwww-perl	6.68-1	all
libwww-robotrules-perl	6.02-1	all
libx11-6:arm64	2:1.8.4-2+deb12u2	arm64
libx11-data	2:1.8.4-2+deb12u2	all
libx11-dev:arm64	2:1.8.4-2+deb12u2	arm64
libx11-xcb-dev:arm64	2:1.8.4-2+deb12u2	arm64
libx11-xcb1:arm64	2:1.8.4-2+deb12u2	arm64
libx264-164:arm64	2:0.164.3095+gitbaee400-3	arm64
libx265-199:arm64	3.5-2+b1	arm64
libxapian30:arm64	1.4.22-1	arm64
libxau-dev:arm64	1:1.0.9-1	arm64
libxau6:arm64	1:1.0.9-1	arm64
libxaw7:arm64	2:1.0.14-1	arm64
libxcb-composite0:arm64	1.15-1	arm64
libxcb-damage0:arm64	1.15-1	arm64
libxcb-dri2-0:arm64	1.15-1	arm64
libxcb-dri3-0:arm64	1.15-1	arm64
libxcb-glx0:arm64	1.15-1	arm64
libxcb-icccm4:arm64	0.4.1-1.1	arm64
libxcb-image0:arm64	0.4.0-2	arm64
libxcb-keysyms1:arm64	0.4.0-1+b2	arm64
libxcb-present0:arm64	1.15-1	arm64
libxcb-randr0:arm64	1.15-1	arm64
libxcb-render-util0:arm64	0.3.9-1+b1	arm64
libxcb-render0-dev:arm64	1.15-1	arm64
libxcb-render0:arm64	1.15-1	arm64
libxcb-shape0:arm64	1.15-1	arm64
libxcb-shm0-dev:arm64	1.15-1	arm64
libxcb-shm0:arm64	1.15-1	arm64
libxcb-sync1:arm64	1.15-1	arm64
libxcb-util1:arm64	0.4.0-1+b1	arm64
libxcb-xfixes0:arm64	1.15-1	arm64
libxcb-xinerama0:arm64	1.15-1	arm64
libxcb-xinput0:arm64	1.15-1	arm64
libxcb-xkb1:arm64	1.15-1	arm64
libxcb1-dev:arm64	1.15-1	arm64
libxcb1:arm64	1.15-1	arm64
libxcomposite-dev:arm64	1:0.4.5-1	arm64
libxcomposite1:arm64	1:0.4.5-1	arm64
libxcursor-dev:arm64	1:1.2.1-1	arm64
libxcursor1:arm64	1:1.2.1-1	arm64
libxcvt-dev:arm64	0.1.2-1	arm64
libxcvt0:arm64	0.1.2-1	arm64
libxdamage-dev:arm64	1:1.1.6-1	arm64
libxdamage1:arm64	1:1.1.6-1	arm64
libxdmcp-dev:arm64	1:1.1.2-3	arm64
libxdmcp6:arm64	1:1.1.2-3	arm64
libxerces-c3.2:arm64	3.2.4+debian-1	arm64
libxext-dev:arm64	2:1.3.4-1+b1	arm64
libxext6:arm64	2:1.3.4-1+b1	arm64
libxfce4panel-2.0-4	4.18.2-1	arm64
libxfce4ui-2-0:arm64	4.18.2-2	arm64
libxfce4ui-common	4.18.2-2	all
libxfce4ui-utils	4.18.2-2	arm64
libxfce4util-common	4.18.1-2	all
libxfce4util7:arm64	4.18.1-2	arm64
libxfconf-0-3:arm64	4.18.0-2	arm64
libxfixes-dev:arm64	1:6.0.0-2	arm64
libxfixes3:arm64	1:6.0.0-2	arm64
libxfont-dev	1:2.0.6-1	arm64
libxfont2:arm64	1:2.0.6-1	arm64
libxft-dev:arm64	2.3.6-1	arm64
libxft2:arm64	2.3.6-1	arm64
libxi-dev:arm64	2:1.8-1+b1	arm64
libxi6:arm64	2:1.8-1+b1	arm64
libxinerama-dev:arm64	2:1.1.4-3	arm64
libxinerama1:arm64	2:1.1.4-3	arm64
libxkbcommon-dev:arm64	1.5.0-1	arm64
libxkbcommon-x11-0:arm64	1.5.0-1	arm64
libxkbcommon0:arm64	1.5.0-1	arm64
libxkbfile-dev:arm64	1:1.1.0-1	arm64
libxkbfile1:arm64	1:1.1.0-1	arm64
libxkbregistry0:arm64	1.5.0-1	arm64
libxklavier16:arm64	5.4-4	arm64
libxml-parser-perl	2.46-4	arm64
libxml-twig-perl	1:3.52-2	all
libxml2-utils	2.9.14+dfsg-1.3~deb12u4	arm64
libxml2:arm64	2.9.14+dfsg-1.3~deb12u4	arm64
libxmu6:arm64	2:1.1.3-3	arm64
libxmuu1:arm64	2:1.1.3-3	arm64
libxnvctrl0:arm64	525.85.05-3~deb12u1	arm64
libxpm4:arm64	1:3.5.12-1.1+deb12u1	arm64
libxpresent1:arm64	1.0.0-2+b10	arm64
libxrandr-dev:arm64	2:1.5.2-2+b1	arm64
libxrandr2:arm64	2:1.5.2-2+b1	arm64
libxrender-dev:arm64	1:0.9.10-1.1	arm64
libxrender1:arm64	1:0.9.10-1.1	arm64
libxres1:arm64	2:1.2.1-1	arm64
libxshmfence1:arm64	1.3-1	arm64
libxslt1.1:arm64	1.1.35-1+deb12u3	arm64
libxss1:arm64	1:1.2.3-1	arm64
libxt6:arm64	1:1.2.1-1.1	arm64
libxtables12:arm64	1.8.9-2	arm64
libxtst-dev:arm64	2:1.2.3-1.1	arm64
libxtst6:arm64	2:1.2.3-1.1	arm64
libxv1:arm64	2:1.0.11-1.1	arm64
libxvidcore4:arm64	2:1.3.7-1	arm64
libxxf86dga1:arm64	2:1.1.5-1	arm64
libxxf86vm1:arm64	1:1.1.4-1+b2	arm64
libxxhash0:arm64	0.8.1-1	arm64
libyajl2:arm64	2.1.0-3+deb12u2	arm64
libyuv0:arm64	0.0~git20230123.b2528b0-1	arm64
libz3-4:arm64	4.8.12-3.1	arm64
libzbar0:arm64	0.23.92-7+deb12u1	arm64
libzmq5:arm64	4.3.4-6	arm64
libzstd-dev:arm64	1.5.4+dfsg2-5	arm64
libzstd1:arm64	1.5.4+dfsg2-5	arm64
libzvbi-common	0.2.41-1	all
libzvbi0:arm64	0.2.41-1	arm64
libzxing2:arm64	1.4.0-3+b1	arm64
lightdm	1.26.0-8	arm64
lightdm-gtk-greeter	2.0.8-2+b1	arm64
lightdm-gtk-greeter-settings	1.2.2-5	all
linux-base	4.9	all
linux-libc-dev:arm64	6.1.158-1	arm64
locales	2.36-9+deb12u13	all
login	1:4.13+dfsg1-1+deb12u1	arm64
logsave	1.47.0-2+b2	arm64
lsb-base	11.6	all
lsb-release	12.0-1	all
lsof	4.95.0-1	arm64
make	4.3-4.1	arm64
makedev	2.3.1-97	all
man-db	2.11.2-2	arm64
manpages	6.03-2	all
manpages-dev	6.03-2	all
mariadb-common	1:10.11.14-0+deb12u2	all
mawk	1.3.4.20200120-3.1	arm64
media-player-info	24-2	all
media-types	10.0.0	all
mesa-common-dev:arm64	22.3.6-1+deb12u1	arm64
mesa-utils	8.5.0-1	arm64
mesa-utils-bin:arm64	8.5.0-1	arm64
microcom	2019.01.0-2	arm64
mount	2.38.1-5+deb12u3	arm64
mysql-common	5.8+1.1.0	all
nautilus	43.2-1	arm64
nautilus-data	43.2-1	all
ncal	12.1.8	arm64
ncurses-base	6.4-4	all
ncurses-bin	6.4-4	arm64
net-tools	2.10-0.1+deb12u2	arm64
netbase	6.4	all
network-manager	1.42.4-1+deb12u1	arm64
network-manager-gnome	1.30.0-2	arm64
network-manager-l2tp	1.20.8-1	arm64
network-manager-openvpn	1.10.2-2	arm64
network-manager-pptp	1.2.12-1	arm64
network-manager-strongswan	1.6.0-1+deb12u1	arm64
network-manager-vpnc	1.2.8-4	arm64
notification-daemon	3.20.0-4+b1	arm64
ntfs-3g	1:2022.10.3-1+deb12u2	arm64
ntp	1:4.2.8p15+dfsg-2~1.2.2+dfsg1-1+deb12u1	all
ntpdate	1:4.2.8p15+dfsg-2~1.2.2+dfsg1-1+deb12u1	all
ntpsec	1.2.2+dfsg1-1+deb12u1	arm64
ntpsec-ntpdate	1.2.2+dfsg1-1+deb12u1	arm64
ntpsec-ntpdig	1.2.2+dfsg1-1+deb12u1	arm64
obconf	1:2.0.4+git20150213-2+b1	arm64
ocl-icd-libopencl1:arm64	2.3.1-1	arm64
openssh-client	1:9.2p1-2+deb12u7	arm64
openssh-server	1:9.2p1-2+deb12u7	arm64
openssh-sftp-server	1:9.2p1-2+deb12u7	arm64
openssl	3.0.17-1~deb12u3	arm64
openvpn	2.6.3-1+deb12u3	arm64
osinfo-db	0.20221130-2	all
pango1.0-tools	1.50.12+ds-1	arm64
parted	3.5-3	arm64
passwd	1:4.13+dfsg1-1+deb12u1	arm64
patch	2.7.6-7	arm64
pavucontrol	5.0-2	arm64
pci.ids	0.0~2023.04.11-1	all
pciutils	1:3.9.0-4	arm64
perl	5.36.0-7+deb12u3	arm64
perl-base	5.36.0-7+deb12u3	arm64
perl-modules-5.36	5.36.0-7+deb12u3	all
perl-openssl-defaults:arm64	7+b1	arm64
pinentry-curses	1.2.1-1	arm64
pipewire-alsa:arm64	0.3.65-3+deb12u1	arm64
pipewire-bin	0.3.65-3+deb12u1	arm64
pipewire-pulse	0.3.65-3+deb12u1	arm64
pipewire:arm64	0.3.65-3+deb12u1	arm64
pkexec	122-3	arm64
pkg-config:arm64	1.8.1-1	arm64
pkgconf-bin	1.8.1-1	arm64
pkgconf:arm64	1.8.1-1	arm64
pm-utils	1.4.1-19	all
policykit-1	122-3	arm64
policykit-1-gnome	0.105-8	arm64
polkitd	122-3	arm64
poppler-data	0.4.12-1	all
powerdebug	0.7.0-2013.08-2	arm64
powermgmt-base	1.37	all
powertop	2.14-1+b2	arm64
ppp	2.4.9-1+1.1+b1	arm64
pptp-linux	1.10.0-1	arm64
procps	2:4.0.2-3	arm64
proj-data	9.1.1-1	all
psmisc	23.6-1	arm64
python3	3.11.2-1+b1	arm64
python3-cairo:arm64	1.20.1-5+b1	arm64
python3-certifi	2022.9.24-1	all
python3-chardet	5.1.0+dfsg-2	all
python3-charset-normalizer	3.0.1-2	all
python3-distro	1.8.0-1	all
python3-distutils	3.11.2-3	all
python3-gi	3.42.2-3+b1	arm64
python3-gi-cairo	3.42.2-3+b1	arm64
python3-idna	3.3-1+deb12u1	all
python3-lib2to3	3.11.2-3	all
python3-minimal	3.11.2-1+b1	arm64
python3-ntp	1.2.2+dfsg1-1+deb12u1	arm64
python3-pkg-resources	66.1.1-1+deb12u2	all
python3-requests	2.28.1+dfsg-1	all
python3-six	1.16.0-4	all
python3-urllib3	1.26.12-1+deb12u1	all
python3.11	3.11.2-6+deb12u6	arm64
python3.11-minimal	3.11.2-6+deb12u6	arm64
qv4l2	1.22.1-5	arm64
qv4l2-dbgsym	1.22.1-5	arm64
qvidcap	1.22.1-5	arm64
qvidcap-dbgsym	1.22.1-5	arm64
rcconf	3.2+nmu1	all
read-edid	3.0.2-1.1	arm64
readline-common	8.2-1.3	all
resolvconf	1.91+nmu1	all
rfkill	2.38.1-5+deb12u3	arm64
rhythmbox	3.4.6-2+b1	arm64
rhythmbox-data	3.4.6-2	all
rktoolkit:arm64	1.0.0-1	arm64
rkwifibt-broadcom-firmware	1.0.0-1	arm64
rkwifibt-dev-tools	1.0.0-1	arm64
rkwifibt-dev-tools-dbgsym	1.0.0-1	arm64
rkwifibt-realtek-firmware	1.0.0-1	arm64
rockchip-mpp-demos	1.5.0-1	arm64
rockchip-mpp-demos-dbgsym	1.5.0-1	arm64
rpcsvc-proto	1.4.3-1	arm64
rsync	3.2.7-1+deb12u2	arm64
rsyslog	8.2302.0-1+deb12u1	arm64
runit-helper	2.15.2	all
sed	4.9-1	arm64
sensible-utils	0.0.17+nmu1	all
sgml-base	1.31	all
shared-mime-info	2.2-1	arm64
sound-theme-freedesktop	0.8-2	all
sox	14.4.2+git20190427-3.5	arm64
ssh-import-id	5.10-1	all
startpar	0.65-1+b1	arm64
strace	6.1-0.1	arm64
stress	1.0.7-1	arm64
stress-ng	0.15.06-2	arm64
strongswan	5.9.8-5+deb12u2	all
strongswan-charon	5.9.8-5+deb12u2	arm64
strongswan-libcharon	5.9.8-5+deb12u2	arm64
strongswan-nm	5.9.8-5+deb12u2	arm64
strongswan-starter	5.9.8-5+deb12u2	arm64
sudo	1.9.13p3-1+deb12u2	arm64
synaptic	0.91.3	arm64
system-tools-backends	2.10.2-3.1	arm64
systemd	252.39-1~deb12u1	arm64
systemd-sysv	252.39-1~deb12u1	arm64
sysv-rc	3.06-4	all
sysvinit-utils	3.06-4	arm64
tar	1.34+dfsg-1.2+deb12u1	arm64
task-desktop	3.73	all
task-xfce-desktop	3.73	all
tasksel	3.73	all
tasksel-data	3.73	all
thunar	4.18.4-1	arm64
thunar-data	4.18.4-1	all
timgm6mb-soundfont	1.3-5	all
trace-cmd	3.1.6-1	arm64
tracker	3.4.2-1	arm64
tracker-extract	3.4.3-1	arm64
tracker-miner-fs	3.4.3-1	arm64
triggerhappy	0.5.0-1.1+b2	arm64
tzdata	2025b-0+deb12u2	all
ucf	3.0043+nmu1+deb12u1	all
udev	252.39-1~deb12u1	arm64
udisks2	2.9.4-4+deb12u2	arm64
unixodbc-common	2.3.11-2+deb12u1	all
unzip	6.0-28	arm64
upower	0.99.20-2	arm64
usb-modeswitch	2.6.1-3+b1	arm64
usb-modeswitch-data	20191128-5	all
usb.ids	2025.07.26-0+deb12u1	all
usbutils	1:014-1+deb12u1	arm64
user-setup	1.95	all
usr-is-merged	37~deb12u1	all
util-linux	2.38.1-5+deb12u3	arm64
util-linux-extra	2.38.1-5+deb12u3	arm64
uuid-dev:arm64	2.38.1-5+deb12u3	arm64
v4l-utils	1.22.1-5	arm64
v4l-utils-dbgsym	1.22.1-5	arm64
vim	2:9.0.1378-2+deb12u2	arm64
vim-common	2:9.0.1378-2+deb12u2	all
vim-runtime	2:9.0.1378-2+deb12u2	all
vim-tiny	2:9.0.1378-2+deb12u2	arm64
vpnc	0.5.3+git20220927-1	arm64
vpnc-scripts	0.1~git20220510-1	all
wayland-protocols	1.31-1	all
weston	10.0.1-1	arm64
weston-dbgsym	10.0.1-1	arm64
wget	1.21.3-1+deb12u1	arm64
whiptail	0.52.23-1+b1	arm64
wireless-regdb	2025.07.10-1~deb12u1	all
wireless-tools	30~pre9-14	arm64
wireplumber	0.4.13-1	arm64
wireplumber-dbgsym	0.4.13-1	arm64
wireplumber-doc	0.4.13-1	all
wpasupplicant	2:2.10-12+deb12u3	arm64
x11-apps	7.7+9	arm64
x11-common	1:7.7+23	all
x11-session-utils	7.7+5	arm64
x11-utils	7.7+5	arm64
x11-xkb-utils	7.7+7	arm64
x11-xserver-utils	7.7+9+b1	arm64
x11proto-dev	2022.1-1	all
xauth	1:1.1.2-1	arm64
xbitmaps	1.1.1-2.2	all
xdg-dbus-proxy	0.1.4-3	arm64
xdg-utils	1.1.3-4.1	all
xfce4	4.18	all
xfce4-appfinder	4.18.0-1	arm64
xfce4-battery-plugin:arm64	1.1.4-1	arm64
xfce4-helpers	4.18.2-1	arm64
xfce4-panel	4.18.2-1	arm64
xfce4-power-manager	4.18.1-1	arm64
xfce4-power-manager-data	4.18.1-1	all
xfce4-pulseaudio-plugin:arm64	0.4.5-1	arm64
xfce4-screenshooter	1.10.3-1	arm64
xfce4-session	4.18.1-1	arm64
xfce4-settings	4.18.2-1	arm64
xfce4-terminal	1.0.4-1	arm64
xfconf	4.18.0-2	arm64
xfdesktop4	4.18.1-1	arm64
xfdesktop4-data	4.18.1-1	all
xfonts-100dpi	1:1.0.5	all
xfonts-75dpi	1:1.0.5	all
xfonts-base	1:1.0.5+nmu1	all
xfonts-encodings	1:1.0.4-2.2	all
xfonts-intl-chinese	1.2.1-10.1	all
xfonts-scalable	1:1.0.3-1.3	all
xfonts-utils	1:7.7+6	arm64
xfwm4	4.18.0-1	arm64
xinit	1.4.0-1	arm64
xkb-data	2.35.1-1	all
xl2tpd	1.3.18-1	arm64
xml-core	0.18+nmu1	all
xorg	1:7.7+23	arm64
xorg-docs-core	1:1.7.1-1.2	all
xorg-sgml-doctools	1:1.11-1.1	all
xserver-common	2:21.1.7-3	all
xserver-xorg	1:7.7+23	arm64
xserver-xorg-core	2:21.1.7-3	arm64
xserver-xorg-core-dbgsym	2:21.1.7-3	arm64
xserver-xorg-dev	2:21.1.7-3	arm64
xserver-xorg-input-all	1:7.7+23	arm64
xserver-xorg-input-evdev	1:2.10.6-2+b1	arm64
xserver-xorg-input-libinput	1.2.1-1+b1	arm64
xserver-xorg-legacy	2:21.1.7-3	arm64
xserver-xorg-legacy-dbgsym	2:21.1.7-3	arm64
xserver-xorg-video-all	1:7.7+23	arm64
xserver-xorg-video-amdgpu	23.0.0-1	arm64
xserver-xorg-video-ati	1:19.1.0-3	arm64
xserver-xorg-video-fbdev	1:0.5.0-2	arm64
xserver-xorg-video-nouveau	1:1.0.17-2	arm64
xserver-xorg-video-radeon	1:19.1.0-3	arm64
xserver-xorg-video-vesa	1:2.5.0-1+b1	arm64
xterm	379-1	arm64
xtrans-dev	1.4.0-1	all
xz-utils	5.4.1-1	arm64
zathura	0.5.2-1	arm64
zathura-pdf-poppler:arm64	0.3.1-1	arm64
zip	3.0-13	arm64
zlib1g-dev:arm64	1:1.2.13.dfsg-1	arm64
zlib1g:arm64	1:1.2.13.dfsg-1	arm64

===== PYTHON_PACKAGES =====
$ sh -c for p in pip3 pip; do if command -v "$p" >/dev/null 2>&1; then printf "\n## %s\n" "$p"; "$p" --version; "$p" list 2>/dev/null | head -500; fi; done

===== ML_RUNTIMES_SAFE =====
$ sh -c for c in rknn-toolkit-lite2 npu-smi clinfo vulkaninfo glxinfo ffmpeg gst-inspect-1.0 onnxruntime_test benchmark_model; do if command -v "$c" >/dev/null 2>&1; then printf "\n## %s\n" "$c"; timeout 8 "$c" --version 2>&1 | head -100; fi; done; for c in rknn_server rknn_transfer_proxy; do if command -v "$c" >/dev/null 2>&1; then printf "%s_path=%s\n" "$c" "$(command -v "$c")"; ls -l "$(command -v "$c")"; fi; done; python3 - <<'PY' 2>/dev/null
mods=["rknnlite","rknn","onnxruntime","torch","tensorflow","tflite_runtime","numpy","cv2","PIL"]
for m in mods:
    try:
        mod=__import__(m)
        print(m, getattr(mod, "__version__", "import_ok"))
    except Exception as e:
        print(m, "missing_or_error:", e)
PY

## glxinfo
Unknown option `--version'
Usage: glxinfo [-v] [-t] [-h] [-b] [-l] [-s] [-i] [-display <dname>]
	-display <dname>: Print GLX visuals on specified server.
	-i: Force an indirect rendering context.
	-B: brief output, print only the basics.
	-v: Print visuals info in verbose form.
	-t: Print verbose visual information table.
	-h: This information.
	-b: Find the 'best' visual and print its number.
	-l: Print interesting OpenGL limits.
	-s: Print a single extension per line.

## gst-inspect-1.0
gst-inspect-1.0 version 1.22.9
GStreamer 1.22.9
https://tracker.debian.org/pkg/gstreamer1.0
rknn_server_path=/usr/bin/rknn_server
-rwxr-xr-x 1 1005 1004 442944 Mar 27  2024 /usr/bin/rknn_server
rknnlite missing_or_error: No module named 'rknnlite'
rknn missing_or_error: No module named 'rknn'
onnxruntime missing_or_error: No module named 'onnxruntime'
torch missing_or_error: No module named 'torch'
tensorflow missing_or_error: No module named 'tensorflow'
tflite_runtime missing_or_error: No module named 'tflite_runtime'
numpy missing_or_error: No module named 'numpy'
cv2 missing_or_error: No module named 'cv2'
PIL missing_or_error: No module named 'PIL'

===== CONTAINERS =====
$ sh -c for c in docker podman nerdctl containerd ctr runc; do if command -v "$c" >/dev/null 2>&1; then printf "\n## %s\n" "$c"; "$c" --version 2>&1 | head -20; fi; done; docker info 2>/dev/null | head -160; docker ps -a 2>/dev/null

===== LANG_RUNTIMES =====
$ sh -c for c in node npm pnpm yarn go rustc cargo java javac; do if command -v "$c" >/dev/null 2>&1; then printf "\n## %s\n" "$c"; "$c" --version 2>&1 | head -5; fi; done

===== GPU_NPU_LIBS =====
$ sh -c ldconfig -p 2>/dev/null | egrep -i "rknn|rga|mali|vulkan|opencl|opencv|onnx|torch|npu" | head -300 || true; find /usr /lib /opt -maxdepth 4 \( -iname "*rknn*" -o -iname "*rga*" -o -iname "*mali*" -o -iname "*opencl*" \) 2>/dev/null | head -300
/usr/lib/aarch64-linux-gnu/dri/mali-dp_dri.so
/usr/lib/aarch64-linux-gnu/hwloc/hwloc_opencl.so
/usr/lib/aarch64-linux-gnu/libOpenCL.so.1
/usr/lib/aarch64-linux-gnu/libOpenCL.so.1.0.0
/usr/lib/aarch64-linux-gnu/librga.so
/usr/lib/aarch64-linux-gnu/librga.so.2
/usr/lib/aarch64-linux-gnu/librga.so.2.1.0
/usr/lib/aarch64-linux-gnu/pkgconfig/librga.pc
/usr/lib/aarch64-linux-gnu/pkgconfig/mali.pc
/usr/lib/aarch64-linux-gnu/rsyslog/mmnormalize.so
/usr/lib/aarch64-linux-gnu/rsyslog/pmnormalize.so
/usr/lib/aarch64-linux-gnu/libmali-hook.so.1.9.0
/usr/lib/aarch64-linux-gnu/libmali.so.1.9.0
/usr/lib/aarch64-linux-gnu/libmali-bifrost-g52-g13p0-x11-gbm.so
/usr/lib/aarch64-linux-gnu/libmali-hook.so
/usr/lib/aarch64-linux-gnu/mali
/usr/lib/aarch64-linux-gnu/mali/libMaliOpenCL.so
/usr/lib/aarch64-linux-gnu/mali/libMaliOpenCL.so.1
/usr/lib/aarch64-linux-gnu/libmali-hook.so.1
/usr/lib/aarch64-linux-gnu/libmali.so
/usr/lib/aarch64-linux-gnu/libmali.so.1
/usr/lib/aarch64-linux-gnu/libmali-hook-injector.a
/usr/lib/resolvconf/normalize-resolvconf
/usr/lib/librknnrt.so
/usr/lib/python3/dist-packages/charset_normalizer
/usr/lib/python3/dist-packages/charset_normalizer-3.0.1.dist-info
/usr/share/lintian/overrides/ocl-icd-libopencl1
/usr/share/fontconfig/conf.avail/35-lang-normalize.conf
/usr/share/model/RK3566_RK3568/mobilenet_v1.rknn
/usr/share/model/RK3588/mobilenet_v1.rknn
/usr/share/model/RK3562/mobilenet_v1.rknn
/usr/share/model/RK3576/mobilenet_v1.rknn
/usr/share/cmake-3.25/Modules/FindOpenCL.cmake
/usr/share/osinfo/os/almalinux.org
/usr/share/doc/librga-dev
/usr/share/doc/librga2
/usr/share/doc/librga2-dbgsym
/usr/share/doc/ocl-icd-libopencl1
/usr/share/doc/python3-charset-normalizer
/usr/share/doc/libmali-bifrost-g52-g13p0-x11-gbm-dbgsym
/usr/share/doc/libmali-bifrost-g52-g13p0-x11-gbm
/usr/share/mime/text/x-opencl-src.xml
/usr/share/man/man7/libOpenCL.7.gz
/usr/share/man/man7/libOpenCL.so.7.gz
/usr/share/man/man3/__memalign_hook.3.gz
/usr/share/man/man3/memalign.3.gz
/usr/share/man/man3/posix_memalign.3.gz
/usr/share/media-player-info/philips_gogear-sa2rga.mpi
/usr/share/doc-base/ocl-icd-libopencl1.ocl-icd-libopencl1
/usr/include/aarch64-linux-gnu/libavutil/hwcontext_opencl.h
/usr/include/gdcm-3.0/gdcmBaseNormalizedMessage.h
/usr/include/gdcm-3.0/gdcmNormalizedMessageFactory.h
/usr/include/gdcm-3.0/gdcmNormalizedNetworkFunctions.h
/usr/include/rga
/usr/include/rga/RgaMutex.h
/usr/include/rga/drmrga.h
/usr/include/rga/RgaUtils.h
/usr/include/rga/RgaApi.h
/usr/include/rga/RockchipRga.h
/usr/include/rga/RgaSingleton.h
/usr/include/rga/rga.h
/usr/include/unicode/normalizer2.h
/usr/bin/normalizer
/usr/bin/rknn_common_test
/usr/bin/restart_rknn.sh
/usr/bin/rknn_server
/usr/bin/start_rknn.sh

===== HOME_PROJECTS =====
$ sh -c find "$HOME" -maxdepth 3 -type f \( -name "*.py" -o -name "requirements*.txt" -o -name "Dockerfile" -o -name "*.onnx" -o -name "*.rknn" -o -name "*.pt" -o -name "*.tflite" \) 2>/dev/null | head -300

===== ENVIRONMENT =====
$ sh -c printenv | sort | sed -E "s/(PASS|TOKEN|KEY|SECRET)=.*/\1=<redacted>/I"
HOME=/home/linaro
LANG=en_US.UTF-8
LC_ALL=C.UTF-8
LC_CTYPE=C.UTF-8
LC_TERMINAL=iTerm2
LC_TERMINAL_VERSION=3.6.11
LOGNAME=linaro
MOTD_SHOWN=pam
PATH=/usr/local/bin:/usr/bin:/bin:/usr/games
PWD=/home/linaro
SHELL=/bin/bash
SHLVL=0
SSH_CLIENT=127.0.0.1 39634 22
SSH_CONNECTION=127.0.0.1 39634 127.0.0.1 22
USER=linaro
XDG_RUNTIME_DIR=/run/user/1000
XDG_SESSION_CLASS=user
XDG_SESSION_ID=c15
XDG_SESSION_TYPE=tty
_=/usr/bin/sh
