
===== INSTALLED_PACKAGES_DPKG =====
$ sh -c dpkg-query -W -f="\${binary:Package}\t\${Version}\t\${Architecture}\n" 2>/dev/null | sort | head -1600 || true
adduser	3.134	all
alsa-utils	1.2.8-1	arm64
apparmor	3.0.8-3	arm64
apt	2.6.1	arm64
apt-file	3.3	all
apt-transport-https	2.6.1	all
apt-utils	2.6.1	arm64
aptitude	0.8.13-5	arm64
aptitude-common	0.8.13-5	all
autoconf	2.71-3	all
automake	1:1.16.5-1.3	all
autotools-dev	20220109.1	all
avahi-autoipd	0.8-10	arm64
base-files	12.4+deb12u8	arm64
base-passwd	3.6.1	arm64
bash	5.2.15-2+b7	arm64
bash-completion	1:2.11-6	all
bc	1.07.1-3	arm64
bind9-dnsutils	1:9.18.28-1~deb12u2	arm64
bind9-host	1:9.18.28-1~deb12u2	arm64
bind9-libs:arm64	1:9.18.28-1~deb12u2	arm64
binutils	2.40-2	arm64
binutils-aarch64-linux-gnu	2.40-2	arm64
binutils-common:arm64	2.40-2	arm64
bison	2:3.8.2+dfsg-1+b1	arm64
bluez	5.66-1+deb12u2	arm64
bsdextrautils	2.38.1-5+deb12u2	arm64
bsdutils	1:2.38.1-5+deb12u2	arm64
btrfs-progs	6.2-1+deb12u1	arm64
build-essential	12.9	arm64
bzip2	1.0.8-5+b1	arm64
ca-certificates	20230311	all
can-utils	2020.11.0-1	arm64
chrony	4.3-2+deb12u1	arm64
command-not-found	23.04.0-1	all
console-setup	1.221	all
console-setup-linux	1.221	all
containerd.io	1.7.23-1	arm64
coreutils	9.1-1	arm64
cpio	2.13+dfsg-7.1	arm64
cpp	4:12.2.0-3	arm64
cpp-12	12.2.0-14	arm64
cpufrequtils	008-2	arm64
cracklib-runtime	2.9.6-5+b1	arm64
cron	3.0pl1-162	arm64
cron-daemon-common	3.0pl1-162	all
curl	7.88.1-10+deb12u8	arm64
dash	0.5.12-2	arm64
dbus	1.14.10-1~deb12u1	arm64
dbus-bin	1.14.10-1~deb12u1	arm64
dbus-daemon	1.14.10-1~deb12u1	arm64
dbus-session-bus-common	1.14.10-1~deb12u1	all
dbus-system-bus-common	1.14.10-1~deb12u1	all
dbus-user-session	1.14.10-1~deb12u1	arm64
dconf-cli	0.40.0-4	arm64
debconf	1.5.82	all
debconf-utils	1.5.82	all
debian-archive-keyring	2023.3+deb12u1	all
debianutils	5.7-0.5~deb12u1	arm64
device-tree-compiler	1.6.1-4+b1	arm64
dialog	1.3-20230209-1	arm64
diffutils	1:3.8-4	arm64
dirmngr	2.2.40-1.1	arm64
distro-info-data	0.58+deb12u3	all
dkms	3.0.10-8+deb12u1	all
dmsetup	2:1.02.185-2	arm64
dnsmasq	2.89-1	all
dnsmasq-base	2.89-1	arm64
dnsutils	1:9.18.28-1~deb12u2	all
docker-buildx-plugin	0.17.1-1~debian.12~bookworm	arm64
docker-ce	5:27.3.1-1~debian.12~bookworm	arm64
docker-ce-cli	5:27.3.1-1~debian.12~bookworm	arm64
docker-ce-rootless-extras	5:27.3.1-1~debian.12~bookworm	arm64
docker-compose-plugin	2.29.7-1~debian.12~bookworm	arm64
dosfstools	4.2-1	arm64
dpkg	1.21.22	arm64
dpkg-dev	1.21.22	all
e2fsprogs	1.47.0-2	arm64
ethtool	1:6.1-1	arm64
evtest	1:1.35-1	arm64
expect	5.45.4-2+b1	arm64
f2fs-tools	1.15.0-1	arm64
f3	8.0-2	arm64
fake-hwclock	0.12+nmu1	all
fbset	2.1-33	arm64
fdisk	2.38.1-5+deb12u2	arm64
figlet	2.2.5-3	arm64
file	1:5.44-3	arm64
findutils	4.9.0-4	arm64
flex	2.6.4-8.2	arm64
fping	5.1-1	arm64
fuse3	3.14.0-4	arm64
g++	4:12.2.0-3	arm64
g++-12	12.2.0-14	arm64
gcc	4:12.2.0-3	arm64
gcc-12	12.2.0-14	arm64
gcc-12-base:arm64	12.2.0-14	arm64
gir1.2-glib-2.0:arm64	1.74.0-3	arm64
gir1.2-packagekitglib-1.0	1.2.6-5	arm64
git	1:2.39.5-0+deb12u1	arm64
git-man	1:2.39.5-0+deb12u1	all
gnupg	2.2.40-1.1	all
gnupg-l10n	2.2.40-1.1	all
gnupg-utils	2.2.40-1.1	arm64
gnupg2	2.2.40-1.1	all
gpg	2.2.40-1.1	arm64
gpg-agent	2.2.40-1.1	arm64
gpg-wks-client	2.2.40-1.1	arm64
gpg-wks-server	2.2.40-1.1	arm64
gpgconf	2.2.40-1.1	arm64
gpgsm	2.2.40-1.1	arm64
gpgv	2.2.40-1.1	arm64
grep	3.8-5	arm64
groff-base	1.22.4-10	arm64
gzip	1.12-1	arm64
haveged	1.9.14-1+b1	arm64
hdparm	9.65+ds-1	arm64
hostapd	2:2.10-12+deb12u2	arm64
hostname	3.23+nmu1	arm64
hping3	3.a2.ds2-10	arm64
html2text	1.3.2a-28	arm64
htop	3.2.2-2	arm64
i2c-tools	4.3-2+b3	arm64
ifenslave	2.13	all
ifupdown	0.8.41	arm64
init	1.65.2	arm64
init-system-helpers	1.65.2	all
initramfs-tools	0.142+deb12u1	all
initramfs-tools-core	0.142+deb12u1	all
iotop	0.6-42-ga14256a-0.1+b2	arm64
iozone3	489-1	arm64
iperf3	3.12-1+deb12u1	arm64
iproute2	6.1.0-3	arm64
iptables	1.8.9-2	arm64
iputils-arping	3:20221126-1+deb12u1	arm64
iputils-ping	3:20221126-1+deb12u1	arm64
isc-dhcp-client	4.4.3-P1-2	arm64
iso-codes	4.15.0-1	all
iw	5.19-1	arm64
jq	1.6-2.1	arm64
kbd	2.5.1-1+b1	arm64
keyboard-configuration	1.221	all
keyutils	1.6.3-2	arm64
klibc-utils	2.0.12-1	arm64
kmod	30+20221128-1	arm64
less	590-2.1~deb12u2	arm64
libacl1:arm64	2.3.1-3	arm64
libapparmor1:arm64	3.0.8-3	arm64
libappstream4:arm64	0.16.1-2	arm64
libapt-pkg-perl	0.1.40+b2	arm64
libapt-pkg6.0:arm64	2.6.1	arm64
libargon2-1:arm64	0~20171227-0.3+deb12u1	arm64
libasan8:arm64	12.2.0-14	arm64
libasound2-data	1.2.8-1	all
libasound2:arm64	1.2.8-1+b1	arm64
libassuan0:arm64	2.5.5-5	arm64
libatomic1:arm64	12.2.0-14	arm64
libatopology2:arm64	1.2.8-1+b1	arm64
libattr1:arm64	1:2.5.1-4	arm64
libaudit-common	1:3.0.9-1	all
libaudit1:arm64	1:3.0.9-1	arm64
libbinutils:arm64	2.40-2	arm64
libblkid1:arm64	2.38.1-5+deb12u2	arm64
libbluetooth3:arm64	5.66-1+deb12u2	arm64
libboost-iostreams1.74.0:arm64	1.74.0+ds1-21	arm64
libbpf1:arm64	1:1.1.0-1	arm64
libbrotli1:arm64	1.0.9-2+b6	arm64
libbsd0:arm64	0.11.7-2	arm64
libbz2-1.0:arm64	1.0.8-5+b1	arm64
libc-bin	2.36-9+deb12u9	arm64
libc-dev-bin	2.36-9+deb12u9	arm64
libc-l10n	2.36-9+deb12u9	all
libc6-dev:arm64	2.36-9+deb12u9	arm64
libc6:arm64	2.36-9+deb12u9	arm64
libcaca0:arm64	0.99.beta20-3	arm64
libcap-ng0:arm64	0.8.3-1+b3	arm64
libcap2-bin	1:2.66-4	arm64
libcap2:arm64	1:2.66-4	arm64
libcbor0.8:arm64	0.8.0-2+b1	arm64
libcc1-0:arm64	12.2.0-14	arm64
libcom-err2:arm64	1.47.0-2	arm64
libcpufreq0	008-2	arm64
libcrack2:arm64	2.9.6-5+b1	arm64
libcrypt-dev:arm64	1:4.4.33-2	arm64
libcrypt1:arm64	1:4.4.33-2	arm64
libcryptsetup12:arm64	2:2.6.1-4~deb12u2	arm64
libctf-nobfd0:arm64	2.40-2	arm64
libctf0:arm64	2.40-2	arm64
libcurl3-gnutls:arm64	7.88.1-10+deb12u8	arm64
libcurl4:arm64	7.88.1-10+deb12u8	arm64
libcwidget4:arm64	0.5.18-6	arm64
libdaemon0:arm64	0.14-7.1	arm64
libdb5.3:arm64	5.3.28+dfsg2-1	arm64
libdbus-1-3:arm64	1.14.10-1~deb12u1	arm64
libdconf1:arm64	0.40.0-4	arm64
libdebconfclient0:arm64	0.270	arm64
libdevmapper1.02.1:arm64	2:1.02.185-2	arm64
libdigest-sha-perl	6.04-1	arm64
libdpkg-perl	1.21.22	all
libduktape207:arm64	2.7.0-2	arm64
libdw1:arm64	0.188-2.1	arm64
libedit2:arm64	3.1-20221030-2	arm64
libelf1:arm64	0.188-2.1	arm64
liberror-perl	0.17029-2	all
libestr0:arm64	0.1.11-1	arm64
libevent-core-2.1-7:arm64	2.1.12-stable-8	arm64
libexpat1-dev:arm64	2.5.0-1+deb12u1	arm64
libexpat1:arm64	2.5.0-1+deb12u1	arm64
libext2fs2:arm64	1.47.0-2	arm64
libfastjson4:arm64	1.2304.0-1	arm64
libfdisk1:arm64	2.38.1-5+deb12u2	arm64
libfdt1:arm64	1.6.1-4+b1	arm64
libffi8:arm64	3.4.4-1	arm64
libfftw3-single3:arm64	3.3.10-1	arm64
libfido2-1:arm64	1.12.0-2+b1	arm64
libfile-find-rule-perl	0.34-3	all
libfstrm0:arm64	0.6.1-1	arm64
libfuse2:arm64	2.9.9-6+b1	arm64
libfuse3-3:arm64	3.14.0-4	arm64
libgcc-12-dev:arm64	12.2.0-14	arm64
libgcc-s1:arm64	12.2.0-14	arm64
libgcrypt20:arm64	1.10.1-3	arm64
libgdbm-compat4:arm64	1.23-3	arm64
libgdbm6:arm64	1.23-3	arm64
libgirepository-1.0-1:arm64	1.74.0-3	arm64
libglib2.0-0:arm64	2.74.6-2+deb12u4	arm64
libglib2.0-bin	2.74.6-2+deb12u4	arm64
libglib2.0-data	2.74.6-2+deb12u4	all
libgmp10:arm64	2:6.2.1+dfsg1-1.1	arm64
libgnutls30:arm64	3.7.9-2+deb12u3	arm64
libgomp1:arm64	12.2.0-14	arm64
libgpg-error0:arm64	1.46-1	arm64
libgpm2:arm64	1.20.7-10+b1	arm64
libgprofng0:arm64	2.40-2	arm64
libgssapi-krb5-2:arm64	1.20.1-2+deb12u2	arm64
libgstreamer1.0-0:arm64	1.22.0-2	arm64
libhavege2:arm64	1.9.14-1+b1	arm64
libhogweed6:arm64	3.8.1-2	arm64
libhwasan0:arm64	12.2.0-14	arm64
libi2c0:arm64	4.3-2+b3	arm64
libicu72:arm64	72.1-3	arm64
libidn2-0:arm64	2.3.3-1+b1	arm64
libip4tc2:arm64	1.8.9-2	arm64
libip6tc2:arm64	1.8.9-2	arm64
libiperf0:arm64	3.12-1+deb12u1	arm64
libisl23:arm64	0.25-1.1	arm64
libitm1:arm64	12.2.0-14	arm64
libiw30:arm64	30~pre9-14	arm64
libjansson4:arm64	2.14-2	arm64
libjemalloc2:arm64	5.3.0-1	arm64
libjim0.81:arm64	0.81+dfsg0-2	arm64
libjpeg62-turbo:arm64	1:2.1.5-2	arm64
libjq1:arm64	1.6-2.1	arm64
libjs-jquery	3.6.1+dfsg+~3.5.14-1	all
libjs-sphinxdoc	5.3.0-4	all
libjs-underscore	1.13.4~dfsg+~1.11.4-3	all
libjson-c5:arm64	0.16-2	arm64
libk5crypto3:arm64	1.20.1-2+deb12u2	arm64
libkeyutils1:arm64	1.6.3-2	arm64
libklibc:arm64	2.0.12-1	arm64
libkmod2:arm64	30+20221128-1	arm64
libkrb5-3:arm64	1.20.1-2+deb12u2	arm64
libkrb5support0:arm64	1.20.1-2+deb12u2	arm64
libksba8:arm64	1.6.3-2	arm64
libldap-2.5-0:arm64	2.5.13+dfsg-5	arm64
liblmdb0:arm64	0.9.24-1	arm64
liblocale-gettext-perl	1.07-5	arm64
liblognorm5:arm64	2.0.6-4	arm64
liblsan0:arm64	12.2.0-14	arm64
libltdl7:arm64	2.4.7-7~deb12u1	arm64
liblz4-1:arm64	1.9.4-1	arm64
liblzma5:arm64	5.4.1-0.2	arm64
liblzo2-2:arm64	2.10-2	arm64
libmagic-mgc	1:5.44-3	arm64
libmagic1:arm64	1:5.44-3	arm64
libmaxminddb0:arm64	1.7.1-1	arm64
libmd0:arm64	1.0.4-2	arm64
libmm-glib0:arm64	1.20.4-1	arm64
libmnl0:arm64	1.0.4-3	arm64
libmount1:arm64	2.38.1-5+deb12u2	arm64
libmpc3:arm64	1.3.1-1	arm64
libmpfr6:arm64	4.2.0-1	arm64
libncurses-dev:arm64	6.4-4	arm64
libncurses6:arm64	6.4-4	arm64
libncursesw6:arm64	6.4-4	arm64
libndp0:arm64	1.8-1+deb12u1	arm64
libnetfilter-conntrack3:arm64	1.0.9-3	arm64
libnettle8:arm64	3.8.1-2	arm64
libnewt0.52:arm64	0.52.23-1+b1	arm64
libnfnetlink0:arm64	1.0.2-2	arm64
libnfsidmap1:arm64	1:2.6.2-4	arm64
libnftables1:arm64	1.0.6-2+deb12u2	arm64
libnftnl11:arm64	1.2.4-2	arm64
libnghttp2-14:arm64	1.52.0-1+deb12u2	arm64
libnl-3-200:arm64	3.7.0-0.2+b1	arm64
libnl-3-dev:arm64	3.7.0-0.2+b1	arm64
libnl-genl-3-200:arm64	3.7.0-0.2+b1	arm64
libnl-genl-3-dev:arm64	3.7.0-0.2+b1	arm64
libnl-route-3-200:arm64	3.7.0-0.2+b1	arm64
libnm0:arm64	1.42.4-1	arm64
libnpth0:arm64	1.6-3	arm64
libnsl-dev:arm64	1.3.0-2	arm64
libnsl2:arm64	1.3.0-2	arm64
libnss-myhostname:arm64	252.31-1~deb12u1	arm64
libntfs-3g89:arm64	1:2022.10.3-1+deb12u2	arm64
libnumber-compare-perl	0.03-3	all
libonig5:arm64	6.9.8-1	arm64
libp11-kit0:arm64	0.24.1-2	arm64
libpackagekit-glib2-18:arm64	1.2.6-5	arm64
libpam-modules-bin	1.5.2-6+deb12u1	arm64
libpam-modules:arm64	1.5.2-6+deb12u1	arm64
libpam-runtime	1.5.2-6+deb12u1	all
libpam-systemd:arm64	252.31-1~deb12u1	arm64
libpam0g:arm64	1.5.2-6+deb12u1	arm64
libparted2:arm64	3.5-3	arm64
libpcap0.8:arm64	1.10.3-1	arm64
libpci3:arm64	1:3.9.0-4	arm64
libpcre2-8-0:arm64	10.42-1	arm64
libpcsclite1:arm64	1.9.9-2	arm64
libperl5.36:arm64	5.36.0-7+deb12u1	arm64
libpipeline1:arm64	1.5.7-1	arm64
libpkcs11-helper1:arm64	1.29.0-1	arm64
libpng16-16:arm64	1.6.39-2	arm64
libpolkit-agent-1-0:arm64	122-3	arm64
libpolkit-gobject-1-0:arm64	122-3	arm64
libpopt0:arm64	1.19+dfsg-1	arm64
libproc-processtable-perl:arm64	0.634-1+b2	arm64
libproc2-0:arm64	2:4.0.2-3	arm64
libprotobuf-c1:arm64	1.4.1-1+b1	arm64
libpsl5:arm64	0.21.2-1	arm64
libpython3-dev:arm64	3.11.2-1+b1	arm64
libpython3-stdlib:arm64	3.11.2-1+b1	arm64
libpython3.11-dev:arm64	3.11.2-6+deb12u4	arm64
libpython3.11-minimal:arm64	3.11.2-6+deb12u4	arm64
libpython3.11-stdlib:arm64	3.11.2-6+deb12u4	arm64
libpython3.11:arm64	3.11.2-6+deb12u4	arm64
libqrencode4:arm64	4.1.1-1	arm64
libreadline8:arm64	8.2-1.3	arm64
libregexp-assemble-perl	0.38-2	all
librtmp1:arm64	2.4+20151223.gitfa8646d.1-2+b2	arm64
libsamplerate0:arm64	0.2.2-3	arm64
libsasl2-2:arm64	2.1.28+dfsg-10	arm64
libsasl2-modules-db:arm64	2.1.28+dfsg-10	arm64
libsctp1:arm64	1.0.19+dfsg-2	arm64
libseccomp2:arm64	2.5.4-1+deb12u1	arm64
libselinux1:arm64	3.4-1+b6	arm64
libsemanage-common	3.4-1	all
libsemanage2:arm64	3.4-1+b5	arm64
libsensors-config	1:3.6.0-7.1	all
libsensors5:arm64	1:3.6.0-7.1	arm64
libsepol2:arm64	3.4-2.1	arm64
libsigc++-2.0-0v5:arm64	2.12.0-1	arm64
libslang2:arm64	2.3.3-3	arm64
libslirp0:arm64	4.7.0-1	arm64
libsmartcols1:arm64	2.38.1-5+deb12u2	arm64
libsodium23:arm64	1.0.18-1	arm64
libsqlite3-0:arm64	3.40.1-2+deb12u1	arm64
libss2:arm64	1.47.0-2	arm64
libssh2-1:arm64	1.10.0-3+b1	arm64
libssl-dev:arm64	3.0.15-1~deb12u1	arm64
libssl3:arm64	3.0.15-1~deb12u1	arm64
libstdc++-12-dev:arm64	12.2.0-14	arm64
libstdc++6:arm64	12.2.0-14	arm64
libstemmer0d:arm64	2.2.0-2	arm64
libsysfs2:arm64	2.1.1-4	arm64
libsystemd-shared:arm64	252.31-1~deb12u1	arm64
libsystemd0:arm64	252.31-1~deb12u1	arm64
libtasn1-6:arm64	4.19.0-2	arm64
libtcl8.6:arm64	8.6.13+dfsg-2	arm64
libteamdctl0:arm64	1.31-1	arm64
libtext-glob-perl	0.11-3	all
libtinfo6:arm64	6.4-4	arm64
libtirpc-common	1.3.3+ds-1	all
libtirpc-dev:arm64	1.3.3+ds-1	arm64
libtirpc3:arm64	1.3.3+ds-1	arm64
libtsan2:arm64	12.2.0-14	arm64
libubsan1:arm64	12.2.0-14	arm64
libuchardet0:arm64	0.0.7-1	arm64
libudev1:arm64	252.31-1~deb12u1	arm64
libunistring2:arm64	1.0-2	arm64
libunwind8:arm64	1.6.2-3	arm64
libusb-1.0-0:arm64	2:1.0.26-1	arm64
libutempter0:arm64	1.2.1-3	arm64
libuuid1:arm64	2.38.1-5+deb12u2	arm64
libuv1:arm64	1.44.2-1+deb12u1	arm64
libv4l-0:arm64	1.22.1-5+b2	arm64
libv4l2rds0:arm64	1.22.1-5+b2	arm64
libv4lconvert0:arm64	1.22.1-5+b2	arm64
libwrap0-dev:arm64	7.6.q-32	arm64
libwrap0:arm64	7.6.q-32	arm64
libxapian30:arm64	1.4.22-1	arm64
libxml2:arm64	2.9.14+dfsg-1.3~deb12u1	arm64
libxmlb2:arm64	0.3.10-2	arm64
libxtables12:arm64	1.8.9-2	arm64
libxxhash0:arm64	0.8.1-1	arm64
libyaml-0-2:arm64	0.2.5-1	arm64
libzstd1:arm64	1.5.4+dfsg2-5	arm64
linux-base	4.9	all
linux-dtb-current-rockchip-rk3588	1.2.0	arm64
linux-image-current-rockchip-rk3588	1.2.0	arm64
linux-libc-dev:arm64	6.1.115-1	arm64
linux-u-boot-orangepi5plus-current	1.2.0	arm64
lm-sensors	1:3.6.0-7.1	arm64
locales	2.36-9+deb12u9	all
login	1:4.13+dfsg1-1+b1	arm64
logrotate	3.21.0-1	arm64
logsave	1.47.0-2	arm64
lsb-base	11.6	all
lsb-release	12.0-1	all
lsof	4.95.0-1	arm64
m4	1.4.19-3	arm64
make	4.3-4.1	arm64
man-db	2.11.2-2	arm64
mawk	1.3.4.20200120-3.1	arm64
mc	3:4.8.29-2	arm64
mc-data	3:4.8.29-2	all
media-types	10.0.0	all
mmc-utils	0+git20220624.d7b343fd-1	arm64
mount	2.38.1-5+deb12u2	arm64
nano	7.2-1+deb12u1	arm64
ncurses-base	6.4-4	all
ncurses-bin	6.4-4	arm64
ncurses-term	6.4-4	all
net-tools	2.10-0.1	arm64
netbase	6.4	all
netcat-openbsd	1.219-1	arm64
network-manager	1.42.4-1	arm64
network-manager-openvpn	1.10.2-2	arm64
nfs-common	1:2.6.2-4	arm64
nocache	1.1-1	arm64
ntfs-3g	1:2022.10.3-1+deb12u2	arm64
openssh-client	1:9.2p1-2+deb12u3	arm64
openssh-server	1:9.2p1-2+deb12u3	arm64
openssh-sftp-server	1:9.2p1-2+deb12u3	arm64
openssl	3.0.15-1~deb12u1	arm64
openvpn	2.6.3-1+deb12u2	arm64
orangepi-bsp-cli-orangepi5plus	1.2.0	arm64
orangepi-config	1.2.0	all
orangepi-firmware	1.2.0	all
orangepi-zsh	1.2.0	all
packagekit	1.2.6-5	arm64
parted	3.5-3	arm64
passwd	1:4.13+dfsg1-1+b1	arm64
patch	2.7.6-7	arm64
pci.ids	0.0~2023.04.11-1	all
pciutils	1:3.9.0-4	arm64
perl	5.36.0-7+deb12u1	arm64
perl-base	5.36.0-7+deb12u1	arm64
perl-modules-5.36	5.36.0-7+deb12u1	all
pigz	2.6-1	arm64
pinentry-curses	1.2.1-1	arm64
polkitd	122-3	arm64
procps	2:4.0.2-3	arm64
psmisc	23.6-1	arm64
pv	1.6.20-1	arm64
python-apt-common	2.6.0	all
python-is-python3	3.11.2-1+deb12u1	all
python3	3.11.2-1+b1	arm64
python3-apt	2.6.0	arm64
python3-blinker	1.5-1	all
python3-cffi-backend:arm64	1.15.1-5+b1	arm64
python3-cryptography	38.0.4-3+deb12u1	arm64
python3-dbus	1.3.2-4+b1	arm64
python3-dev	3.11.2-1+b1	arm64
python3-distro	1.8.0-1	all
python3-distro-info	1.5+deb12u1	all
python3-distutils	3.11.2-3	all
python3-gi	3.42.2-3+b1	arm64
python3-httplib2	0.20.4-3	all
python3-jwt	2.6.0-1	all
python3-lazr.restfulclient	0.14.5-1	all
python3-lazr.uri	1.0.6-3	all
python3-lib2to3	3.11.2-3	all
python3-minimal	3.11.2-1+b1	arm64
python3-oauthlib	3.2.2-1	all
python3-pip	23.0.1+dfsg-1	all
python3-pip-whl	23.0.1+dfsg-1	all
python3-pkg-resources	66.1.1-1	all
python3-pyparsing	3.0.9-1	all
python3-setuptools	66.1.1-1	all
python3-setuptools-whl	66.1.1-1	all
python3-six	1.16.0-4	all
python3-software-properties	0.99.30-4.1~deb12u1	all
python3-venv	3.11.2-1+b1	arm64
python3-wadllib	1.3.6-4	all
python3-wheel	0.38.4-2	all
python3.11	3.11.2-6+deb12u4	arm64
python3.11-dev	3.11.2-6+deb12u4	arm64
python3.11-minimal	3.11.2-6+deb12u4	arm64
python3.11-venv	3.11.2-6+deb12u4	arm64
qrencode	4.1.1-1	arm64
readline-common	8.2-1.3	all
resolvconf	1.91+nmu1	all
rfkill	2.38.1-5+deb12u2	arm64
rpcbind	1.2.6-6+b1	arm64
rpcsvc-proto	1.4.3-1	arm64
rsync	3.2.7-1	arm64
rsyslog	8.2302.0-1	arm64
runit-helper	2.15.2	all
screen	4.9.0-4	arm64
sed	4.9-1	arm64
sensible-utils	0.0.17+nmu1	all
sgml-base	1.31	all
slirp4netns	1.2.0-1	arm64
smartmontools	7.3-1+b1	arm64
software-properties-common	0.99.30-4.1~deb12u1	all
stress	1.0.7-1	arm64
sudo	1.9.13p3-1+deb12u1	arm64
sunxi-tools	1.4.2+git20221128.530adf-2	arm64
swig	4.1.0-0.2	all
swig4.0	4.1.0-0.2	arm64
sysfsutils	2.1.1-4	arm64
sysstat	12.6.1-1	arm64
systemd	252.31-1~deb12u1	arm64
systemd-sysv	252.31-1~deb12u1	arm64
sysvinit-utils	3.06-4	arm64
tar	1.34+dfsg-1.2+deb12u1	arm64
tcl-expect:arm64	5.45.4-2+b1	arm64
tcl8.6	8.6.13+dfsg-2	arm64
tmux	3.3a-3	arm64
toilet	0.3-1.4	arm64
toilet-fonts	0.3-1.4	all
tree	2.1.0-1	arm64
tzdata	2024a-0+deb12u1	all
u-boot-tools	2023.01+dfsg-2+deb12u1	arm64
ucf	3.0043+nmu1	all
udev	252.31-1~deb12u1	arm64
unattended-upgrades	2.9.1+nmu3	all
unicode-data	15.0.0-1	all
unzip	6.0-28	arm64
usb-modeswitch	2.6.1-3+b1	arm64
usb-modeswitch-data	20191128-5	all
usbutils	1:014-1+deb12u1	arm64
usrmerge	37~deb12u1	all
util-linux	2.38.1-5+deb12u2	arm64
util-linux-extra	2.38.1-5+deb12u2	arm64
v4l-utils	1.22.1-5+b2	arm64
vim	2:9.0.1378-2	arm64
vim-common	2:9.0.1378-2	all
vim-runtime	2:9.0.1378-2	all
vlan	2.0.5	all
vnstat	2.10-2	arm64
wget	1.21.3-1+b1	arm64
whiptail	0.52.23-1+b1	arm64
wireless-regdb	2022.06.06-1	all
wireless-tools	30~pre9-14	arm64
wiringpi	2.46	arm64
wpasupplicant	2:2.10-12+deb12u2	arm64
xkb-data	2.35.1-1	all
xml-core	0.18+nmu1	all
xz-utils	5.4.1-0.2	arm64
zlib1g-dev:arm64	1:1.2.13.dfsg-1	arm64
zlib1g:arm64	1:1.2.13.dfsg-1	arm64
zsh	5.9-4+b5	arm64
zsh-common	5.9-4	all

===== PYTHON_PACKAGES =====
$ sh -c for p in pip3 pip; do if command -v "$p" >/dev/null 2>&1; then printf "\n## %s\n" "$p"; "$p" --version; "$p" list 2>/dev/null | head -500; fi; done

## pip3
pip 23.0.1 from /usr/lib/python3/dist-packages/pip (python 3.11)
Package             Version
------------------- -----------
blinker             1.5
cryptography        38.0.4
dbus-python         1.3.2
distro              1.8.0
distro-info         1.5+deb12u1
httplib2            0.20.4
iotop               0.6
lazr.restfulclient  0.14.5
lazr.uri            1.0.6
oauthlib            3.2.2
pip                 23.0.1
PyGObject           3.42.2
PyJWT               2.6.0
pyparsing           3.0.9
python-apt          2.6.0
setuptools          66.1.1
six                 1.16.0
unattended-upgrades 0.1
wadllib             1.3.6
wheel               0.38.4

## pip
pip 23.0.1 from /usr/lib/python3/dist-packages/pip (python 3.11)
Package             Version
------------------- -----------
blinker             1.5
cryptography        38.0.4
dbus-python         1.3.2
distro              1.8.0
distro-info         1.5+deb12u1
httplib2            0.20.4
iotop               0.6
lazr.restfulclient  0.14.5
lazr.uri            1.0.6
oauthlib            3.2.2
pip                 23.0.1
PyGObject           3.42.2
PyJWT               2.6.0
pyparsing           3.0.9
python-apt          2.6.0
setuptools          66.1.1
six                 1.16.0
unattended-upgrades 0.1
wadllib             1.3.6
wheel               0.38.4

===== ML_RUNTIMES_SAFE =====
$ sh -c for c in rknn-toolkit-lite2 npu-smi clinfo vulkaninfo glxinfo ffmpeg gst-inspect-1.0 onnxruntime_test benchmark_model; do if command -v "$c" >/dev/null 2>&1; then printf "\n## %s\n" "$c"; timeout 8 "$c" --version 2>&1 | head -100; fi; done; for c in rknn_server rknn_transfer_proxy; do if command -v "$c" >/dev/null 2>&1; then printf "%s_path=%s\n" "$c" "$(command -v "$c")"; ls -l "$(command -v "$c")"; fi; done; python3 - <<'PY' 2>/dev/null
mods=["rknnlite","rknn","onnxruntime","torch","tensorflow","tflite_runtime","numpy","cv2","PIL"]
for m in mods:
    try:
        mod=__import__(m)
        print(m, getattr(mod, "__version__", "import_ok"))
    except Exception as e:
        print(m, "missing_or_error:", e)
PY
rknn_server_path=/usr/bin/rknn_server
-rwxr-xr-x 1 root root 385560 May 23  2023 /usr/bin/rknn_server
rknnlite missing_or_error: No module named 'rknnlite'
rknn missing_or_error: No module named 'rknn'
onnxruntime missing_or_error: No module named 'onnxruntime'
torch missing_or_error: No module named 'torch'
tensorflow missing_or_error: No module named 'tensorflow'
tflite_runtime missing_or_error: No module named 'tflite_runtime'
numpy missing_or_error: No module named 'numpy'
cv2 missing_or_error: No module named 'cv2'
PIL missing_or_error: No module named 'PIL'

===== CONTAINERS =====
$ sh -c for c in docker podman nerdctl containerd ctr runc; do if command -v "$c" >/dev/null 2>&1; then printf "\n## %s\n" "$c"; "$c" --version 2>&1 | head -20; fi; done; docker info 2>/dev/null | head -160; docker ps -a 2>/dev/null

## docker
Docker version 27.3.1, build ce12230

## containerd
containerd containerd.io 1.7.23 57f17b0a6295a39009d861b89e3b3b87b005ca27

## ctr
ctr containerd.io 1.7.23

## runc
runc version 1.1.14
commit: v1.1.14-0-g2c9f560
spec: 1.0.2-dev
go: go1.22.9
libseccomp: 2.5.4
Client: Docker Engine - Community
 Version:    27.3.1
 Context:    default
 Debug Mode: false
 Plugins:
  buildx: Docker Buildx (Docker Inc.)
    Version:  v0.17.1
    Path:     /usr/libexec/docker/cli-plugins/docker-buildx
  compose: Docker Compose (Docker Inc.)
    Version:  v2.29.7
    Path:     /usr/libexec/docker/cli-plugins/docker-compose

Server:

===== LANG_RUNTIMES =====
$ sh -c for c in node npm pnpm yarn go rustc cargo java javac; do if command -v "$c" >/dev/null 2>&1; then printf "\n## %s\n" "$c"; "$c" --version 2>&1 | head -5; fi; done

===== GPU_NPU_LIBS =====
$ sh -c ldconfig -p 2>/dev/null | egrep -i "rknn|rga|mali|vulkan|opencl|opencv|onnx|torch|npu" | head -300 || true; find /usr /lib /opt -maxdepth 4 \( -iname "*rknn*" -o -iname "*rga*" -o -iname "*mali*" -o -iname "*opencl*" \) 2>/dev/null | head -300
/usr/lib/librknn_api.so
/usr/lib/resolvconf/normalize-resolvconf
/usr/lib/aarch64-linux-gnu/rsyslog/mmnormalize.so
/usr/lib/aarch64-linux-gnu/rsyslog/pmnormalize.so
/usr/lib/librknnrt.so
/usr/bin/rknn_demo
/usr/bin/start_rknn.sh
/usr/bin/restart_rknn.sh
/usr/bin/rknn_camera
/usr/bin/rknn_server
/usr/share/mc/syntax/opencl.syntax
/usr/share/rknn_demo
/usr/share/rknn_demo/mobilenet_ssd.rknn
/usr/share/unicode/DerivedNormalizationProps.txt
/usr/share/unicode/NormalizationCorrections.txt
/usr/share/unicode/NormalizationTest.txt.bz2
/usr/local/bin/test_rknn_demo.sh

===== HOME_PROJECTS =====
$ sh -c find "$HOME" -maxdepth 3 -type f \( -name "*.py" -o -name "requirements*.txt" -o -name "Dockerfile" -o -name "*.onnx" -o -name "*.rknn" -o -name "*.pt" -o -name "*.tflite" \) 2>/dev/null | head -300

===== ENVIRONMENT =====
$ sh -c printenv | sort | sed -E "s/(PASS|TOKEN|KEY|SECRET)=.*/\1=<redacted>/I"
DBUS_SESSION_BUS_ADDRESS=unix:path=/run/user/1000/bus
HOME=/home/orangepi
LANG=en_US.UTF-8
LANGUAGE=en_US.UTF-8
LC_ALL=C.UTF-8
LC_CTYPE=C.UTF-8
LC_MESSAGES=en_US.UTF-8
LC_TERMINAL=iTerm2
LC_TERMINAL_VERSION=3.6.11
LOGNAME=orangepi
MOTD_SHOWN=pam
PATH=/usr/local/bin:/usr/bin:/bin:/usr/games
PWD=/home/orangepi
SHELL=/bin/bash
SHLVL=0
SSH_CLIENT=127.0.0.1 50236 22
SSH_CONNECTION=127.0.0.1 50236 127.0.0.1 22
USER=orangepi
XDG_RUNTIME_DIR=/run/user/1000
XDG_SESSION_CLASS=user
XDG_SESSION_ID=3497
XDG_SESSION_TYPE=tty
_=/usr/bin/sh
